Archive member included to satisfy reference by file (symbol)

C:/ST/STM32CubeIDE_1.14.1/STM32CubeIDE/plugins/com.st.stm32cube.ide.mcu.externaltools.gnu-tools-for-stm32.11.3.rel1.win32_1.1.100.202309141235/tools/bin/../lib/gcc/arm-none-eabi/11.3.1/../../../../arm-none-eabi/lib/thumb/v7e-m+fp/hard\libc_nano.a(libc_a-exit.o)
                              C:/ST/STM32CubeIDE_1.14.1/STM32CubeIDE/plugins/com.st.stm32cube.ide.mcu.externaltools.gnu-tools-for-stm32.11.3.rel1.win32_1.1.100.202309141235/tools/bin/../lib/gcc/arm-none-eabi/11.3.1/../../../../arm-none-eabi/lib/thumb/v7e-m+fp/hard/crt0.o (exit)
C:/ST/STM32CubeIDE_1.14.1/STM32CubeIDE/plugins/com.st.stm32cube.ide.mcu.externaltools.gnu-tools-for-stm32.11.3.rel1.win32_1.1.100.202309141235/tools/bin/../lib/gcc/arm-none-eabi/11.3.1/../../../../arm-none-eabi/lib/thumb/v7e-m+fp/hard\libc_nano.a(libc_a-findfp.o)
                              C:/ST/STM32CubeIDE_1.14.1/STM32CubeIDE/plugins/com.st.stm32cube.ide.mcu.externaltools.gnu-tools-for-stm32.11.3.rel1.win32_1.1.100.202309141235/tools/bin/../lib/gcc/arm-none-eabi/11.3.1/../../../../arm-none-eabi/lib/thumb/v7e-m+fp/hard\libc_nano.a(libc_a-exit.o) (__stdio_exit_handler)
C:/ST/STM32CubeIDE_1.14.1/STM32CubeIDE/plugins/com.st.stm32cube.ide.mcu.externaltools.gnu-tools-for-stm32.11.3.rel1.win32_1.1.100.202309141235/tools/bin/../lib/gcc/arm-none-eabi/11.3.1/../../../../arm-none-eabi/lib/thumb/v7e-m+fp/hard\libc_nano.a(libc_a-fwalk.o)
                              C:/ST/STM32CubeIDE_1.14.1/STM32CubeIDE/plugins/com.st.stm32cube.ide.mcu.externaltools.gnu-tools-for-stm32.11.3.rel1.win32_1.1.100.202309141235/tools/bin/../lib/gcc/arm-none-eabi/11.3.1/../../../../arm-none-eabi/lib/thumb/v7e-m+fp/hard\libc_nano.a(libc_a-findfp.o) (_fwalk_sglue)
C:/ST/STM32CubeIDE_1.14.1/STM32CubeIDE/plugins/com.st.stm32cube.ide.mcu.externaltools.gnu-tools-for-stm32.11.3.rel1.win32_1.1.100.202309141235/tools/bin/../lib/gcc/arm-none-eabi/11.3.1/../../../../arm-none-eabi/lib/thumb/v7e-m+fp/hard\libc_nano.a(libc_a-stdio.o)
                              C:/ST/STM32CubeIDE_1.14.1/STM32CubeIDE/plugins/com.st.stm32cube.ide.mcu.externaltools.gnu-tools-for-stm32.11.3.rel1.win32_1.1.100.202309141235/tools/bin/../lib/gcc/arm-none-eabi/11.3.1/../../../../arm-none-eabi/lib/thumb/v7e-m+fp/hard\libc_nano.a(libc_a-findfp.o) (__sread)
C:/ST/STM32CubeIDE_1.14.1/STM32CubeIDE/plugins/com.st.stm32cube.ide.mcu.externaltools.gnu-tools-for-stm32.11.3.rel1.win32_1.1.100.202309141235/tools/bin/../lib/gcc/arm-none-eabi/11.3.1/../../../../arm-none-eabi/lib/thumb/v7e-m+fp/hard\libc_nano.a(libc_a-memset.o)
                              C:/ST/STM32CubeIDE_1.14.1/STM32CubeIDE/plugins/com.st.stm32cube.ide.mcu.externaltools.gnu-tools-for-stm32.11.3.rel1.win32_1.1.100.202309141235/tools/bin/../lib/gcc/arm-none-eabi/11.3.1/../../../../arm-none-eabi/lib/thumb/v7e-m+fp/hard/crt0.o (memset)
C:/ST/STM32CubeIDE_1.14.1/STM32CubeIDE/plugins/com.st.stm32cube.ide.mcu.externaltools.gnu-tools-for-stm32.11.3.rel1.win32_1.1.100.202309141235/tools/bin/../lib/gcc/arm-none-eabi/11.3.1/../../../../arm-none-eabi/lib/thumb/v7e-m+fp/hard\libc_nano.a(libc_a-closer.o)
                              C:/ST/STM32CubeIDE_1.14.1/STM32CubeIDE/plugins/com.st.stm32cube.ide.mcu.externaltools.gnu-tools-for-stm32.11.3.rel1.win32_1.1.100.202309141235/tools/bin/../lib/gcc/arm-none-eabi/11.3.1/../../../../arm-none-eabi/lib/thumb/v7e-m+fp/hard\libc_nano.a(libc_a-stdio.o) (_close_r)
C:/ST/STM32CubeIDE_1.14.1/STM32CubeIDE/plugins/com.st.stm32cube.ide.mcu.externaltools.gnu-tools-for-stm32.11.3.rel1.win32_1.1.100.202309141235/tools/bin/../lib/gcc/arm-none-eabi/11.3.1/../../../../arm-none-eabi/lib/thumb/v7e-m+fp/hard\libc_nano.a(libc_a-reent.o)
                              C:/ST/STM32CubeIDE_1.14.1/STM32CubeIDE/plugins/com.st.stm32cube.ide.mcu.externaltools.gnu-tools-for-stm32.11.3.rel1.win32_1.1.100.202309141235/tools/bin/../lib/gcc/arm-none-eabi/11.3.1/../../../../arm-none-eabi/lib/thumb/v7e-m+fp/hard\libc_nano.a(libc_a-closer.o) (errno)
C:/ST/STM32CubeIDE_1.14.1/STM32CubeIDE/plugins/com.st.stm32cube.ide.mcu.externaltools.gnu-tools-for-stm32.11.3.rel1.win32_1.1.100.202309141235/tools/bin/../lib/gcc/arm-none-eabi/11.3.1/../../../../arm-none-eabi/lib/thumb/v7e-m+fp/hard\libc_nano.a(libc_a-impure.o)
                              C:/ST/STM32CubeIDE_1.14.1/STM32CubeIDE/plugins/com.st.stm32cube.ide.mcu.externaltools.gnu-tools-for-stm32.11.3.rel1.win32_1.1.100.202309141235/tools/bin/../lib/gcc/arm-none-eabi/11.3.1/../../../../arm-none-eabi/lib/thumb/v7e-m+fp/hard\libc_nano.a(libc_a-reent.o) (_impure_ptr)
C:/ST/STM32CubeIDE_1.14.1/STM32CubeIDE/plugins/com.st.stm32cube.ide.mcu.externaltools.gnu-tools-for-stm32.11.3.rel1.win32_1.1.100.202309141235/tools/bin/../lib/gcc/arm-none-eabi/11.3.1/../../../../arm-none-eabi/lib/thumb/v7e-m+fp/hard\libc_nano.a(libc_a-lseekr.o)
[...]
Memory Configuration

Name             Origin             Length             Attributes
RAM              0x0000000020000000 0x0000000000010000 xrw
FLASH            0x0000000008008000 0x0000000000038000 xr
*default*        0x0000000000000000 0xffffffffffffffff

Linker script and memory map

LOAD C:/ST/STM32CubeIDE_1.14.1/STM32CubeIDE/plugins/com.st.stm32cube.ide.mcu.externaltools.gnu-tools-for-stm32.11.3.rel1.win32_1.1.100.202309141235/tools/bin/../lib/gcc/arm-none-eabi/11.3.1/thumb/v7e-m+fp/hard/crti.o
LOAD C:/ST/STM32CubeIDE_1.14.1/STM32CubeIDE/plugins/com.st.stm32cube.ide.mcu.externaltools.gnu-tools-for-stm32.11.3.rel1.win32_1.1.100.202309141235/tools/bin/../lib/gcc/arm-none-eabi/11.3.1/thumb/v7e-m+fp/hard/crtbegin.o
LOAD C:/ST/STM32CubeIDE_1.14.1/STM32CubeIDE/plugins/com.st.stm32cube.ide.mcu.externaltools.gnu-tools-for-stm32.11.3.rel1.win32_1.1.100.202309141235/tools/bin/../lib/gcc/arm-none-eabi/11.3.1/../../../../arm-none-eabi/lib/thumb/v7e-m+fp/hard/crt0.o
LOAD ./Core/Src/ACC.o
LOAD ./Core/Src/LDR.o
LOAD ./Core/Src/LKS.o
LOAD ./Core/Src/Motor.o
LOAD ./Core/Src/Ultrasonic.o
LOAD ./Core/Src/adc.o
LOAD ./Core/Src/freertos.o
LOAD ./Core/Src/gpio.o
LOAD ./Core/Src/main.o
LOAD ./Core/Src/stm32f4xx_hal_msp.o
LOAD ./Core/Src/stm32f4xx_hal_timebase_tim.o
LOAD ./Core/Src/stm32f4xx_it.o
LOAD ./Core/Src/syscalls.o
LOAD ./Core/Src/sysmem.o
LOAD ./Core/Src/system_stm32f4xx.o
LOAD ./Core/Src/tim.o
LOAD ./Core/Src/usart.o
LOAD ./Core/Startup/startup_stm32f401ccux.o
LOAD ./Drivers/STM32F4xx_HAL_Driver/Src/stm32f4xx_hal.o
LOAD ./Drivers/STM32F4xx_HAL_Driver/Src/stm32f4xx_hal_adc.o
LOAD ./Drivers/STM32F4xx_HAL_Driver/Src/stm32f4xx_hal_adc_ex.o
LOAD ./Drivers/STM32F4xx_HAL_Driver/Src/stm32f4xx_hal_cortex.o
LOAD ./Drivers/STM32F4xx_HAL_Driver/Src/stm32f4xx_hal_dma.o
LOAD ./Drivers/STM32F4xx_HAL_Driver/Src/stm32f4xx_hal_dma_ex.o
LOAD ./Drivers/STM32F4xx_HAL_Driver/Src/stm32f4xx_hal_exti.o
LOAD ./Drivers/STM32F4xx_HAL_Driver/Src/stm32f4xx_hal_flash.o
LOAD ./Drivers/STM32F4xx_HAL_Driver/Src/stm32f4xx_hal_flash_ex.o
LOAD ./Drivers/STM32F4xx_HAL_Driver/Src/stm32f4xx_hal_flash_ramfunc.o
LOAD ./Drivers/STM32F4xx_HAL_Driver/Src/stm32f4xx_hal_gpio.o
LOAD ./Drivers/STM32F4xx_HAL_Driver/Src/stm32f4xx_hal_pwr.o
LOAD ./Drivers/STM32F4xx_HAL_Driver/Src/stm32f4xx_hal_pwr_ex.o
LOAD ./Drivers/STM32F4xx_HAL_Driver/Src/stm32f4xx_hal_rcc.o
LOAD ./Drivers/STM32F4xx_HAL_Driver/Src/stm32f4xx_hal_rcc_ex.o
LOAD ./Drivers/STM32F4xx_HAL_Driver/Src/stm32f4xx_hal_tim.o
LOAD ./Drivers/STM32F4xx_HAL_Driver/Src/stm32f4xx_hal_tim_ex.o
LOAD ./Drivers/STM32F4xx_HAL_Driver/Src/stm32f4xx_hal_uart.o
LOAD ./Drivers/STM32F4xx_HAL_Driver/Src/stm32f4xx_ll_adc.o
LOAD ./Middlewares/Third_Party/FreeRTOS/Source/CMSIS_RTOS_V2/cmsis_os2.o
LOAD ./Middlewares/Third_Party/FreeRTOS/Source/croutine.o
LOAD ./Middlewares/Third_Party/FreeRTOS/Source/event_groups.o
LOAD ./Middlewares/Third_Party/FreeRTOS/Source/list.o
LOAD ./Middlewares/Third_Party/FreeRTOS/Source/queue.o
LOAD ./Middlewares/Third_Party/FreeRTOS/Source/stream_buffer.o
LOAD ./Middlewares/Third_Party/FreeRTOS/Source/tasks.o
LOAD ./Middlewares/Third_Party/FreeRTOS/Source/timers.o
LOAD ./Middlewares/Third_Party/FreeRTOS/Source/portable/GCC/ARM_CM4F/port.o
LOAD ./Middlewares/Third_Party/FreeRTOS/Source/portable/MemMang/heap_4.o
START GROUP
LOAD C:/ST/STM32CubeIDE_1.14.1/STM32CubeIDE/plugins/com.st.stm32cube.ide.mcu.externaltools.gnu-tools-for-stm32.11.3.rel1.win32_1.1.100.202309141235/tools/bin/../lib/gcc/arm-none-eabi/11.3.1/../../../../arm-none-eabi/lib/thumb/v7e-m+fp/hard\libc_nano.a
LOAD C:/ST/STM32CubeIDE_1.14.1/STM32CubeIDE/plugins/com.st.stm32cube.ide.mcu.externaltools.gnu-tools-for-stm32.11.3.rel1.win32_1.1.100.202309141235/tools/bin/../lib/gcc/arm-none-eabi/11.3.1/../../../../arm-none-eabi/lib/thumb/v7e-m+fp/hard\libm.a
END GROUP
START GROUP
LOAD C:/ST/STM32CubeIDE_1.14.1/STM32CubeIDE/plugins/com.st.stm32cube.ide.mcu.externaltools.gnu-tools-for-stm32.11.3.rel1.win32_1.1.100.202309141235/tools/bin/../lib/gcc/arm-none-eabi/11.3.1/thumb/v7e-m+fp/hard\libgcc.a
LOAD C:/ST/STM32CubeIDE_1.14.1/STM32CubeIDE/plugins/com.st.stm32cube.ide.mcu.externaltools.gnu-tools-for-stm32.11.3.rel1.win32_1.1.100.202309141235/tools/bin/../lib/gcc/arm-none-eabi/11.3.1/../../../../arm-none-eabi/lib/thumb/v7e-m+fp/hard\libc_nano.a
END GROUP
START GROUP
LOAD C:/ST/STM32CubeIDE_1.14.1/STM32CubeIDE/plugins/com.st.stm32cube.ide.mcu.externaltools.gnu-tools-for-stm32.11.3.rel1.win32_1.1.100.202309141235/tools/bin/../lib/gcc/arm-none-eabi/11.3.1/thumb/v7e-m+fp/hard\libgcc.a
LOAD C:/ST/STM32CubeIDE_1.14.1/STM32CubeIDE/plugins/com.st.stm32cube.ide.mcu.externaltools.gnu-tools-for-stm32.11.3.rel1.win32_1.1.100.202309141235/tools/bin/../lib/gcc/arm-none-eabi/11.3.1/../../../../arm-none-eabi/lib/thumb/v7e-m+fp/hard\libc_nano.a
LOAD C:/ST/STM32CubeIDE_1.14.1/STM32CubeIDE/plugins/com.st.stm32cube.ide.mcu.externaltools.gnu-tools-for-stm32.11.3.rel1.win32_1.1.100.202309141235/tools/bin/../lib/gcc/arm-none-eabi/11.3.1/../../../../arm-none-eabi/lib/thumb/v7e-m+fp/hard\libnosys.a
END GROUP
START GROUP
LOAD C:/ST/STM32CubeIDE_1.14.1/STM32CubeIDE/plugins/com.st.stm32cube.ide.mcu.externaltools.gnu-tools-for-stm32.11.3.rel1.win32_1.1.100.202309141235/tools/bin/../lib/gcc/arm-none-eabi/11.3.1/thumb/v7e-m+fp/hard\libgcc.a
LOAD C:/ST/STM32CubeIDE_1.14.1/STM32CubeIDE/plugins/com.st.stm32cube.ide.mcu.externaltools.gnu-tools-for-stm32.11.3.rel1.win32_1.1.100.202309141235/tools/bin/../lib/gcc/arm-none-eabi/11.3.1/../../../../arm-none-eabi/lib/thumb/v7e-m+fp/hard\libc_nano.a
LOAD C:/ST/STM32CubeIDE_1.14.1/STM32CubeIDE/plugins/com.st.stm32cube.ide.mcu.externaltools.gnu-tools-for-stm32.11.3.rel1.win32_1.1.100.202309141235/tools/bin/../lib/gcc/arm-none-eabi/11.3.1/../../../../arm-none-eabi/lib/thumb/v7e-m+fp/hard\libnosys.a
END GROUP
LOAD C:/ST/STM32CubeIDE_1.14.1/STM32CubeIDE/plugins/com.st.stm32cube.ide.mcu.externaltools.gnu-tools-for-stm32.11.3.rel1.win32_1.1.100.202309141235/tools/bin/../lib/gcc/arm-none-eabi/11.3.1/thumb/v7e-m+fp/hard/crtend.o
LOAD C:/ST/STM32CubeIDE_1.14.1/STM32CubeIDE/plugins/com.st.stm32cube.ide.mcu.externaltools.gnu-tools-for-stm32.11.3.rel1.win32_1.1.100.202309141235/tools/bin/../lib/gcc/arm-none-eabi/11.3.1/thumb/v7e-m+fp/hard/crtn.o
                0x0000000020010000                _estack = (ORIGIN (RAM) + LENGTH (RAM))
                0x0000000000000200                _Min_Heap_Size = 0x200
                0x0000000000000400                _Min_Stack_Size = 0x400

.isr_vector     0x0000000008008000      0x194
                0x0000000008008000                . = ALIGN (0x4)
 *(.isr_vector)
 .isr_vector    0x0000000008008000      0x194 ./Core/Startup/startup_stm32f401ccux.o
                0x0000000008008000                g_pfnVectors
                0x0000000008008194                . = ALIGN (0x4)

.text           0x00000000080081a0     0x7868
                0x00000000080081a0                . = ALIGN (0x4)
 *(.text)
 .text          0x00000000080081a0       0x40 C:/ST/STM32CubeIDE_1.14.1/STM32CubeIDE/plugins/com.st.stm32cube.ide.mcu.externaltools.gnu-tools-for-stm32.11.3.rel1.win32_1.1.100.202309141235/tools/bin/../lib/gcc/arm-none-eabi/11.3.1/thumb/v7e-m+fp/hard/crtbegin.o
 .text          0x00000000080081e0      0x378 C:/ST/STM32CubeIDE_1.14.1/STM32CubeIDE/plugins/com.st.stm32cube.ide.mcu.externaltools.gnu-tools-for-stm32.11.3.rel1.win32_1.1.100.202309141235/tools/bin/../lib/gcc/arm-none-eabi/11.3.1/thumb/v7e-m+fp/hard\libgcc.a(_arm_addsubdf3.o)
                0x00000000080081e0                __aeabi_drsub
                0x00000000080081e8                __aeabi_dsub
                0x00000000080081e8                __subdf3
                0x00000000080081ec                __aeabi_dadd
                0x00000000080081ec                __adddf3
                0x0000000008008464                __floatunsidf
                0x0000000008008464                __aeabi_ui2d
                0x0000000008008484                __floatsidf
                0x0000000008008484                __aeabi_i2d
                0x00000000080084a8                __aeabi_f2d
                0x00000000080084a8                __extendsfdf2
                0x00000000080084ec                __floatundidf
                0x00000000080084ec                __aeabi_ul2d
                0x00000000080084fc                __floatdidf
                0x00000000080084fc                __aeabi_l2d
 .text          0x0000000008008558      0x424 C:/ST/STM32CubeIDE_1.14.1/STM32CubeIDE/plugins/com.st.stm32cube.ide.mcu.externaltools.gnu-tools-for-stm32.11.3.rel1.win32_1.1.100.202309141235/tools/bin/../lib/gcc/arm-none-eabi/11.3.1/thumb/v7e-m+fp/hard\libgcc.a(_arm_muldivdf3.o)
                0x0000000008008558                __aeabi_dmul
                0x0000000008008558                __muldf3
                0x00000000080087ac                __divdf3
                0x00000000080087ac                __aeabi_ddiv
 .text          0x000000000800897c       0x40 C:/ST/STM32CubeIDE_1.14.1/STM32CubeIDE/plugins/com.st.stm32cube.ide.mcu.externaltools.gnu-tools-for-stm32.11.3.rel1.win32_1.1.100.202309141235/tools/bin/../lib/gcc/arm-none-eabi/11.3.1/thumb/v7e-m+fp/hard\libgcc.a(_arm_fixunsdfsi.o)
                0x000000000800897c                __aeabi_d2uiz
                0x000000000800897c                __fixunsdfsi
 .text          0x00000000080089bc       0x30 C:/ST/STM32CubeIDE_1.14.1/STM32CubeIDE/plugins/com.st.stm32cube.ide.mcu.externaltools.gnu-tools-for-stm32.11.3.rel1.win32_1.1.100.202309141235/tools/bin/../lib/gcc/arm-none-eabi/11.3.1/thumb/v7e-m+fp/hard\libgcc.a(_aeabi_uldivmod.o)
                0x00000000080089bc                __aeabi_uldivmod
 .text          0x00000000080089ec      0x2c8 C:/ST/STM32CubeIDE_1.14.1/STM32CubeIDE/plugins/com.st.stm32cube.ide.mcu.externaltools.gnu-tools-for-stm32.11.3.rel1.win32_1.1.100.202309141235/tools/bin/../lib/gcc/arm-none-eabi/11.3.1/thumb/v7e-m+fp/hard\libgcc.a(_udivmoddi4.o)
                0x00000000080089ec                __udivmoddi4
 .text          0x0000000008008cb4        0x4 C:/ST/STM32CubeIDE_1.14.1/STM32CubeIDE/plugins/com.st.stm32cube.ide.mcu.externaltools.gnu-tools-for-stm32.11.3.rel1.win32_1.1.100.202309141235/tools/bin/../lib/gcc/arm-none-eabi/11.3.1/thumb/v7e-m+fp/hard\libgcc.a(_dvmd_tls.o)
                0x0000000008008cb4                __aeabi_idiv0
                0x0000000008008cb4                __aeabi_ldiv0
 *(.text*)
 .text.LDR_u8GetValue
                0x0000000008008cb8       0x6c ./Core/Src/LDR.o
                0x0000000008008cb8                LDR_u8GetValue
 .text.MotorDriver_voidInit
                0x0000000008008d24       0x1c ./Core/Src/Motor.o
                0x0000000008008d24                MotorDriver_voidInit
 .text.MotorDriver_voidControlSpeed
                0x0000000008008d40       0x34 ./Core/Src/Motor.o
                0x0000000008008d40                MotorDriver_voidControlSpeed
 .text.MotorDriver_voidStop
                0x0000000008008d74       0x3c ./Core/Src/Motor.o
                0x0000000008008d74                MotorDriver_voidStop
 .text.MotorDriver_voidMoveForward
                0x0000000008008db0       0x3c ./Core/Src/Motor.o
                0x0000000008008db0                MotorDriver_voidMoveForward
 .text.MotorDriver_voidMoveRight
                0x0000000008008dec       0x3c ./Core/Src/Motor.o
                0x0000000008008dec                MotorDriver_voidMoveRight
 .text.MotorDriver_voidMoveLeft
                0x0000000008008e28       0x3c ./Core/Src/Motor.o
                0x0000000008008e28                MotorDriver_voidMoveLeft
 .text.Ultrasonic_u16GetDistance
                0x0000000008008e64       0x8c ./Core/Src/Ultrasonic.o
                0x0000000008008e64                Ultrasonic_u16GetDistance
 .text.MX_ADC1_Init
                0x0000000008008ef0       0xa4 ./Core/Src/adc.o
                0x0000000008008ef0                MX_ADC1_Init
 .text.HAL_ADC_MspInit
                0x0000000008008f94       0x88 ./Core/Src/adc.o
                0x0000000008008f94                HAL_ADC_MspInit
 .text.MX_FREERTOS_Init
                0x000000000800901c       0xb0 ./Core/Src/freertos.o
                0x000000000800901c                MX_FREERTOS_Init
 .text.ACC_TASK
                0x00000000080090cc       0x80 ./Core/Src/freertos.o
                0x00000000080090cc                ACC_TASK
 .text.AEB_TASK
                0x000000000800914c       0xb4 ./Core/Src/freertos.o
                0x000000000800914c                AEB_TASK
 .text.LKS_Task
                0x0000000008009200       0x88 ./Core/Src/freertos.o
                0x0000000008009200                LKS_Task
 .text.ALC_TASK
                0x0000000008009288       0x68 ./Core/Src/freertos.o
                0x0000000008009288                ALC_TASK
 .text.Bluetooth_Task
                0x00000000080092f0      0x14c ./Core/Src/freertos.o
                0x00000000080092f0                Bluetooth_Task
 .text.FOTA_Task
                0x000000000800943c       0x64 ./Core/Src/freertos.o
                0x000000000800943c                FOTA_Task
 .text.MX_GPIO_Init
                0x00000000080094a0       0xe8 ./Core/Src/gpio.o
                0x00000000080094a0                MX_GPIO_Init
 .text.main     0x0000000008009588       0x54 ./Core/Src/main.o
                0x0000000008009588                main
 .text.SystemClock_Config
                0x00000000080095dc       0xd4 ./Core/Src/main.o
                0x00000000080095dc                SystemClock_Config
 .text.HAL_TIM_PeriodElapsedCallback
                0x00000000080096b0       0x1e ./Core/Src/main.o
                0x00000000080096b0                HAL_TIM_PeriodElapsedCallback
 .text.Error_Handler
                0x00000000080096ce        0xa ./Core/Src/main.o
                0x00000000080096ce                Error_Handler
 .text.HAL_MspInit
                0x00000000080096d8       0x64 ./Core/Src/stm32f4xx_hal_msp.o
                0x00000000080096d8                HAL_MspInit
 .text.HAL_InitTick
                0x000000000800973c       0xf8 ./Core/Src/stm32f4xx_hal_timebase_tim.o
                0x000000000800973c                HAL_InitTick
 .text.NMI_Handler
                0x0000000008009834        0x6 ./Core/Src/stm32f4xx_it.o
                0x0000000008009834                NMI_Handler
 .text.HardFault_Handler
                0x000000000800983a        0x6 ./Core/Src/stm32f4xx_it.o
                0x000000000800983a                HardFault_Handler
 .text.MemManage_Handler
                0x0000000008009840        0x6 ./Core/Src/stm32f4xx_it.o
                0x0000000008009840                MemManage_Handler
 .text.BusFault_Handler
                0x0000000008009846        0x6 ./Core/Src/stm32f4xx_it.o
                0x0000000008009846                BusFault_Handler
 .text.UsageFault_Handler
                0x000000000800984c        0x6 ./Core/Src/stm32f4xx_it.o
                0x000000000800984c                UsageFault_Handler
 .text.DebugMon_Handler
                0x0000000008009852        0xe ./Core/Src/stm32f4xx_it.o
                0x0000000008009852                DebugMon_Handler
 .text.TIM2_IRQHandler
                0x0000000008009860       0x14 ./Core/Src/stm32f4xx_it.o
                0x0000000008009860                TIM2_IRQHandler
 .text.SystemInit
                0x0000000008009874       0x2c ./Core/Src/system_stm32f4xx.o
                0x0000000008009874                SystemInit
 .text.MX_TIM1_Init
                0x00000000080098a0       0xa0 ./Core/Src/tim.o
                0x00000000080098a0                MX_TIM1_Init
 .text.MX_TIM3_Init
                0x0000000008009940      0x104 ./Core/Src/tim.o
                0x0000000008009940                MX_TIM3_Init
 .text.MX_TIM4_Init
                0x0000000008009a44       0xec ./Core/Src/tim.o
                0x0000000008009a44                MX_TIM4_Init
 .text.HAL_TIM_Base_MspInit
                0x0000000008009b30       0x9c ./Core/Src/tim.o
                0x0000000008009b30                HAL_TIM_Base_MspInit
 .text.HAL_TIM_MspPostInit
                0x0000000008009bcc       0xc4 ./Core/Src/tim.o
                0x0000000008009bcc                HAL_TIM_MspPostInit
 .text.MX_USART1_UART_Init
                0x0000000008009c90       0x54 ./Core/Src/usart.o
                0x0000000008009c90                MX_USART1_UART_Init
 .text.MX_USART2_UART_Init
                0x0000000008009ce4       0x54 ./Core/Src/usart.o
                0x0000000008009ce4                MX_USART2_UART_Init
 .text.MX_USART6_UART_Init
                0x0000000008009d38       0x54 ./Core/Src/usart.o
                0x0000000008009d38                MX_USART6_UART_Init
 .text.HAL_UART_MspInit
                0x0000000008009d8c      0x164 ./Core/Src/usart.o
                0x0000000008009d8c                HAL_UART_MspInit
 .text.Reset_Handler
                0x0000000008009ef0       0x50 ./Core/Startup/startup_stm32f401ccux.o
                0x0000000008009ef0                Reset_Handler
 .text.Default_Handler
                0x0000000008009f40        0x2 ./Core/Startup/startup_stm32f401ccux.o
                0x0000000008009f40                RTC_Alarm_IRQHandler
                0x0000000008009f40                EXTI2_IRQHandler
                0x0000000008009f40                SPI4_IRQHandler
                0x0000000008009f40                TIM1_CC_IRQHandler
                0x0000000008009f40                DMA2_Stream5_IRQHandler
                0x0000000008009f40                DMA1_Stream5_IRQHandler
                0x0000000008009f40                PVD_IRQHandler
                0x0000000008009f40                SDIO_IRQHandler
                0x0000000008009f40                TAMP_STAMP_IRQHandler
                0x0000000008009f40                EXTI3_IRQHandler
                0x0000000008009f40                TIM1_UP_TIM10_IRQHandler
                0x0000000008009f40                I2C3_ER_IRQHandler
                0x0000000008009f40                EXTI0_IRQHandler
                0x0000000008009f40                I2C2_EV_IRQHandler
                0x0000000008009f40                DMA1_Stream2_IRQHandler
                0x0000000008009f40                FPU_IRQHandler
                0x0000000008009f40                DMA2_Stream2_IRQHandler
                0x0000000008009f40                SPI1_IRQHandler
                0x0000000008009f40                TIM1_BRK_TIM9_IRQHandler
                0x0000000008009f40                DMA2_Stream3_IRQHandler
                0x0000000008009f40                USART6_IRQHandler
                0x0000000008009f40                DMA2_Stream0_IRQHandler
                0x0000000008009f40                TIM4_IRQHandler
                0x0000000008009f40                I2C1_EV_IRQHandler
                0x0000000008009f40                DMA1_Stream6_IRQHandler
                0x0000000008009f40                DMA1_Stream1_IRQHandler
                0x0000000008009f40                TIM3_IRQHandler
                0x0000000008009f40                RCC_IRQHandler
                0x0000000008009f40                Default_Handler
                0x0000000008009f40                EXTI15_10_IRQHandler
                0x0000000008009f40                ADC_IRQHandler
                0x0000000008009f40                DMA1_Stream7_IRQHandler
                0x0000000008009f40                TIM5_IRQHandler
                0x0000000008009f40                DMA2_Stream7_IRQHandler
                0x0000000008009f40                I2C3_EV_IRQHandler
                0x0000000008009f40                EXTI9_5_IRQHandler
                0x0000000008009f40                RTC_WKUP_IRQHandler
                0x0000000008009f40                SPI2_IRQHandler
                0x0000000008009f40                DMA1_Stream0_IRQHandler
                0x0000000008009f40                EXTI4_IRQHandler
                0x0000000008009f40                WWDG_IRQHandler
                0x0000000008009f40                OTG_FS_WKUP_IRQHandler
                0x0000000008009f40                TIM1_TRG_COM_TIM11_IRQHandler
                0x0000000008009f40                EXTI1_IRQHandler
                0x0000000008009f40                USART2_IRQHandler
                0x0000000008009f40                I2C2_ER_IRQHandler
                0x0000000008009f40                DMA2_Stream1_IRQHandler
                0x0000000008009f40                FLASH_IRQHandler
                0x0000000008009f40                DMA2_Stream4_IRQHandler
                0x0000000008009f40                USART1_IRQHandler
                0x0000000008009f40                OTG_FS_IRQHandler
                0x0000000008009f40                SPI3_IRQHandler
                0x0000000008009f40                DMA1_Stream4_IRQHandler
                0x0000000008009f40                I2C1_ER_IRQHandler
                0x0000000008009f40                DMA2_Stream6_IRQHandler
                0x0000000008009f40                DMA1_Stream3_IRQHandler
 *fill*         0x0000000008009f42        0x2 
 .text.HAL_Init
                0x0000000008009f44       0x44 ./Drivers/STM32F4xx_HAL_Driver/Src/stm32f4xx_hal.o
                0x0000000008009f44                HAL_Init
 .text.HAL_IncTick
                0x0000000008009f88       0x28 ./Drivers/STM32F4xx_HAL_Driver/Src/stm32f4xx_hal.o
                0x0000000008009f88                HAL_IncTick
 .text.HAL_GetTick
                0x0000000008009fb0       0x18 ./Drivers/STM32F4xx_HAL_Driver/Src/stm32f4xx_hal.o
                0x0000000008009fb0                HAL_GetTick
 .text.HAL_ADC_Init
                0x0000000008009fc8       0x86 ./Drivers/STM32F4xx_HAL_Driver/Src/stm32f4xx_hal_adc.o
                0x0000000008009fc8                HAL_ADC_Init
 *fill*         0x000000000800a04e        0x2 
 .text.HAL_ADC_Start
                0x000000000800a050      0x168 ./Drivers/STM32F4xx_HAL_Driver/Src/stm32f4xx_hal_adc.o
                0x000000000800a050                HAL_ADC_Start
 .text.HAL_ADC_PollForConversion
                0x000000000800a1b8      0x116 ./Drivers/STM32F4xx_HAL_Driver/Src/stm32f4xx_hal_adc.o
                0x000000000800a1b8                HAL_ADC_PollForConversion
 .text.HAL_ADC_GetValue
                0x000000000800a2ce       0x1a ./Drivers/STM32F4xx_HAL_Driver/Src/stm32f4xx_hal_adc.o
                0x000000000800a2ce                HAL_ADC_GetValue
 .text.HAL_ADC_ConfigChannel
                0x000000000800a2e8      0x244 ./Drivers/STM32F4xx_HAL_Driver/Src/stm32f4xx_hal_adc.o
                0x000000000800a2e8                HAL_ADC_ConfigChannel
 .text.ADC_Init
                0x000000000800a52c      0x1f8 ./Drivers/STM32F4xx_HAL_Driver/Src/stm32f4xx_hal_adc.o
 .text.__NVIC_SetPriorityGrouping
                0x000000000800a724       0x48 ./Drivers/STM32F4xx_HAL_Driver/Src/stm32f4xx_hal_cortex.o
 .text.__NVIC_GetPriorityGrouping
                0x000000000800a76c       0x1c ./Drivers/STM32F4xx_HAL_Driver/Src/stm32f4xx_hal_cortex.o
 .text.__NVIC_EnableIRQ
                0x000000000800a788       0x3c ./Drivers/STM32F4xx_HAL_Driver/Src/stm32f4xx_hal_cortex.o
 .text.__NVIC_SetPriority
                0x000000000800a7c4       0x54 ./Drivers/STM32F4xx_HAL_Driver/Src/stm32f4xx_hal_cortex.o
 .text.NVIC_EncodePriority
                0x000000000800a818       0x66 ./Drivers/STM32F4xx_HAL_Driver/Src/stm32f4xx_hal_cortex.o
 *fill*         0x000000000800a87e        0x2 
 .text.__NVIC_SystemReset
                0x000000000800a880       0x2c ./Drivers/STM32F4xx_HAL_Driver/Src/stm32f4xx_hal_cortex.o
 .text.HAL_NVIC_SetPriorityGrouping
                0x000000000800a8ac       0x16 ./Drivers/STM32F4xx_HAL_Driver/Src/stm32f4xx_hal_cortex.o
                0x000000000800a8ac                HAL_NVIC_SetPriorityGrouping
 .text.HAL_NVIC_SetPriority
                0x000000000800a8c2       0x38 ./Drivers/STM32F4xx_HAL_Driver/Src/stm32f4xx_hal_cortex.o
                0x000000000800a8c2                HAL_NVIC_SetPriority
 .text.HAL_NVIC_EnableIRQ
                0x000000000800a8fa       0x1c ./Drivers/STM32F4xx_HAL_Driver/Src/stm32f4xx_hal_cortex.o
                0x000000000800a8fa                HAL_NVIC_EnableIRQ
 .text.HAL_NVIC_SystemReset
                0x000000000800a916        0x8 ./Drivers/STM32F4xx_HAL_Driver/Src/stm32f4xx_hal_cortex.o
                0x000000000800a916                HAL_NVIC_SystemReset
 *fill*         0x000000000800a91e        0x2 
 .text.HAL_GPIO_Init
                0x000000000800a920      0x308 ./Drivers/STM32F4xx_HAL_Driver/Src/stm32f4xx_hal_gpio.o
                0x000000000800a920                HAL_GPIO_Init
 .text.HAL_GPIO_ReadPin
                0x000000000800ac28       0x30 ./Drivers/STM32F4xx_HAL_Driver/Src/stm32f4xx_hal_gpio.o
                0x000000000800ac28                HAL_GPIO_ReadPin
 .text.HAL_GPIO_WritePin
                0x000000000800ac58       0x32 ./Drivers/STM32F4xx_HAL_Driver/Src/stm32f4xx_hal_gpio.o
                0x000000000800ac58                HAL_GPIO_WritePin
 *fill*         0x000000000800ac8a        0x2 
 .text.HAL_RCC_OscConfig
                0x000000000800ac8c      0x4f0 ./Drivers/STM32F4xx_HAL_Driver/Src/stm32f4xx_hal_rcc.o
                0x000000000800ac8c                HAL_RCC_OscConfig
 .text.HAL_RCC_ClockConfig
                0x000000000800b17c      0x1cc ./Drivers/STM32F4xx_HAL_Driver/Src/stm32f4xx_hal_rcc.o
                0x000000000800b17c                HAL_RCC_ClockConfig
 .text.HAL_RCC_GetSysClockFreq
                0x000000000800b348      0x18c ./Drivers/STM32F4xx_HAL_Driver/Src/stm32f4xx_hal_rcc.o
                0x000000000800b348                HAL_RCC_GetSysClockFreq
 .text.HAL_RCC_GetHCLKFreq
                0x000000000800b4d4       0x18 ./Drivers/STM32F4xx_HAL_Driver/Src/stm32f4xx_hal_rcc.o
                0x000000000800b4d4                HAL_RCC_GetHCLKFreq
 .text.HAL_RCC_GetPCLK1Freq
                0x000000000800b4ec       0x28 ./Drivers/STM32F4xx_HAL_Driver/Src/stm32f4xx_hal_rcc.o
                0x000000000800b4ec                HAL_RCC_GetPCLK1Freq
 .text.HAL_RCC_GetPCLK2Freq
                0x000000000800b514       0x28 ./Drivers/STM32F4xx_HAL_Driver/Src/stm32f4xx_hal_rcc.o
                0x000000000800b514                HAL_RCC_GetPCLK2Freq
 .text.HAL_RCC_GetClockConfig
                0x000000000800b53c       0x64 ./Drivers/STM32F4xx_HAL_Driver/Src/stm32f4xx_hal_rcc.o
                0x000000000800b53c                HAL_RCC_GetClockConfig
 .text.HAL_TIM_Base_Init
                0x000000000800b5a0       0x9e ./Drivers/STM32F4xx_HAL_Driver/Src/stm32f4xx_hal_tim.o
                0x000000000800b5a0                HAL_TIM_Base_Init
 *fill*         0x000000000800b63e        0x2 
 .text.HAL_TIM_Base_Start_IT
                0x000000000800b640       0xc4 ./Drivers/STM32F4xx_HAL_Driver/Src/stm32f4xx_hal_tim.o
                0x000000000800b640                HAL_TIM_Base_Start_IT
 .text.HAL_TIM_PWM_Init
                0x000000000800b704       0x9e ./Drivers/STM32F4xx_HAL_Driver/Src/stm32f4xx_hal_tim.o
                0x000000000800b704                HAL_TIM_PWM_Init
 .text.HAL_TIM_PWM_MspInit
                0x000000000800b7a2       0x14 ./Drivers/STM32F4xx_HAL_Driver/Src/stm32f4xx_hal_tim.o
                0x000000000800b7a2                HAL_TIM_PWM_MspInit
 *fill*         0x000000000800b7b6        0x2 
 .text.HAL_TIM_PWM_Start
                0x000000000800b7b8      0x160 ./Drivers/STM32F4xx_HAL_Driver/Src/stm32f4xx_hal_tim.o
                0x000000000800b7b8                HAL_TIM_PWM_Start
 .text.HAL_TIM_IRQHandler
                0x000000000800b918      0x1e0 ./Drivers/STM32F4xx_HAL_Driver/Src/stm32f4xx_hal_tim.o
                0x000000000800b918                HAL_TIM_IRQHandler
 .text.HAL_TIM_PWM_ConfigChannel
                0x000000000800baf8      0x184 ./Drivers/STM32F4xx_HAL_Driver/Src/stm32f4xx_hal_tim.o
                0x000000000800baf8                HAL_TIM_PWM_ConfigChannel
 .text.HAL_TIM_ConfigClockSource
                0x000000000800bc7c      0x18e ./Drivers/STM32F4xx_HAL_Driver/Src/stm32f4xx_hal_tim.o
                0x000000000800bc7c                HAL_TIM_ConfigClockSource
 .text.HAL_TIM_OC_DelayElapsedCallback
                0x000000000800be0a       0x14 ./Drivers/STM32F4xx_HAL_Driver/Src/stm32f4xx_hal_tim.o
                0x000000000800be0a                HAL_TIM_OC_DelayElapsedCallback
 .text.HAL_TIM_IC_CaptureCallback
                0x000000000800be1e       0x14 ./Drivers/STM32F4xx_HAL_Driver/Src/stm32f4xx_hal_tim.o
                0x000000000800be1e                HAL_TIM_IC_CaptureCallback
 .text.HAL_TIM_PWM_PulseFinishedCallback
                0x000000000800be32       0x14 ./Drivers/STM32F4xx_HAL_Driver/Src/stm32f4xx_hal_tim.o
                0x000000000800be32                HAL_TIM_PWM_PulseFinishedCallback
 .text.HAL_TIM_TriggerCallback
                0x000000000800be46       0x14 ./Drivers/STM32F4xx_HAL_Driver/Src/stm32f4xx_hal_tim.o
                0x000000000800be46                HAL_TIM_TriggerCallback
 *fill*         0x000000000800be5a        0x2 
 .text.TIM_Base_SetConfig
                0x000000000800be5c      0x118 ./Drivers/STM32F4xx_HAL_Driver/Src/stm32f4xx_hal_tim.o
                0x000000000800be5c                TIM_Base_SetConfig
 .text.TIM_OC1_SetConfig
                0x000000000800bf74       0xcc ./Drivers/STM32F4xx_HAL_Driver/Src/stm32f4xx_hal_tim.o
 .text.TIM_OC2_SetConfig
                0x000000000800c040       0xd8 ./Drivers/STM32F4xx_HAL_Driver/Src/stm32f4xx_hal_tim.o
                0x000000000800c040                TIM_OC2_SetConfig
 .text.TIM_OC3_SetConfig
                0x000000000800c118       0xd4 ./Drivers/STM32F4xx_HAL_Driver/Src/stm32f4xx_hal_tim.o
 .text.TIM_OC4_SetConfig
                0x000000000800c1ec       0xa0 ./Drivers/STM32F4xx_HAL_Driver/Src/stm32f4xx_hal_tim.o
 .text.TIM_TI1_ConfigInputStage
                0x000000000800c28c       0x5e ./Drivers/STM32F4xx_HAL_Driver/Src/stm32f4xx_hal_tim.o
 .text.TIM_TI2_ConfigInputStage
                0x000000000800c2ea       0x60 ./Drivers/STM32F4xx_HAL_Driver/Src/stm32f4xx_hal_tim.o
 .text.TIM_ITRx_SetConfig
                0x000000000800c34a       0x36 ./Drivers/STM32F4xx_HAL_Driver/Src/stm32f4xx_hal_tim.o
 .text.TIM_ETR_SetConfig
                0x000000000800c380       0x40 ./Drivers/STM32F4xx_HAL_Driver/Src/stm32f4xx_hal_tim.o
                0x000000000800c380                TIM_ETR_SetConfig
 .text.TIM_CCxChannelCmd
                0x000000000800c3c0       0x4a ./Drivers/STM32F4xx_HAL_Driver/Src/stm32f4xx_hal_tim.o
                0x000000000800c3c0                TIM_CCxChannelCmd
 *fill*         0x000000000800c40a        0x2 
 .text.HAL_TIMEx_MasterConfigSynchronization
                0x000000000800c40c       0xdc ./Drivers/STM32F4xx_HAL_Driver/Src/stm32f4xx_hal_tim_ex.o
                0x000000000800c40c                HAL_TIMEx_MasterConfigSynchronization
 .text.HAL_TIMEx_CommutCallback
                0x000000000800c4e8       0x14 ./Drivers/STM32F4xx_HAL_Driver/Src/stm32f4xx_hal_tim_ex.o
                0x000000000800c4e8                HAL_TIMEx_CommutCallback
 .text.HAL_TIMEx_BreakCallback
                0x000000000800c4fc       0x14 ./Drivers/STM32F4xx_HAL_Driver/Src/stm32f4xx_hal_tim_ex.o
                0x000000000800c4fc                HAL_TIMEx_BreakCallback
 .text.HAL_UART_Init
                0x000000000800c510       0xa0 ./Drivers/STM32F4xx_HAL_Driver/Src/stm32f4xx_hal_uart.o
                0x000000000800c510                HAL_UART_Init
 .text.HAL_UART_Transmit
                0x000000000800c5b0      0x116 ./Drivers/STM32F4xx_HAL_Driver/Src/stm32f4xx_hal_uart.o
                0x000000000800c5b0                HAL_UART_Transmit
 .text.HAL_UART_Receive
                0x000000000800c6c6      0x12e ./Drivers/STM32F4xx_HAL_Driver/Src/stm32f4xx_hal_uart.o
                0x000000000800c6c6                HAL_UART_Receive
 .text.UART_WaitOnFlagUntilTimeout
                0x000000000800c7f4       0xb2 ./Drivers/STM32F4xx_HAL_Driver/Src/stm32f4xx_hal_uart.o
 .text.UART_EndRxTransfer
                0x000000000800c8a6       0xc6 ./Drivers/STM32F4xx_HAL_Driver/Src/stm32f4xx_hal_uart.o
 .text.UART_SetConfig
                0x000000000800c96c      0x4e8 ./Drivers/STM32F4xx_HAL_Driver/Src/stm32f4xx_hal_uart.o
 .text.__NVIC_SetPriority
                0x000000000800ce54       0x54 ./Middlewares/Third_Party/FreeRTOS/Source/CMSIS_RTOS_V2/cmsis_os2.o
 .text.SysTick_Handler
                0x000000000800cea8       0x20 ./Middlewares/Third_Party/FreeRTOS/Source/CMSIS_RTOS_V2/cmsis_os2.o
                0x000000000800cea8                SysTick_Handler
 .text.SVC_Setup
                0x000000000800cec8       0x12 ./Middlewares/Third_Party/FreeRTOS/Source/CMSIS_RTOS_V2/cmsis_os2.o
 *fill*         0x000000000800ceda        0x2 
 .text.osKernelInitialize
                0x000000000800cedc       0x48 ./Middlewares/Third_Party/FreeRTOS/Source/CMSIS_RTOS_V2/cmsis_os2.o
                0x000000000800cedc                osKernelInitialize
 .text.osKernelStart
                0x000000000800cf24       0x4c ./Middlewares/Third_Party/FreeRTOS/Source/CMSIS_RTOS_V2/cmsis_os2.o
                0x000000000800cf24                osKernelStart
 .text.osThreadNew
                0x000000000800cf70      0x124 ./Middlewares/Third_Party/FreeRTOS/Source/CMSIS_RTOS_V2/cmsis_os2.o
                0x000000000800cf70                osThreadNew
 .text.osDelay  0x000000000800d094       0x36 ./Middlewares/Third_Party/FreeRTOS/Source/CMSIS_RTOS_V2/cmsis_os2.o
                0x000000000800d094                osDelay
 *fill*         0x000000000800d0ca        0x2 
 .text.vApplicationGetIdleTaskMemory
                0x000000000800d0cc       0x34 ./Middlewares/Third_Party/FreeRTOS/Source/CMSIS_RTOS_V2/cmsis_os2.o
                0x000000000800d0cc                vApplicationGetIdleTaskMemory
 .text.vApplicationGetTimerTaskMemory
                0x000000000800d100       0x34 ./Middlewares/Third_Party/FreeRTOS/Source/CMSIS_RTOS_V2/cmsis_os2.o
                0x000000000800d100                vApplicationGetTimerTaskMemory
 .text.vListInitialise
                0x000000000800d134       0x40 ./Middlewares/Third_Party/FreeRTOS/Source/list.o
                0x000000000800d134                vListInitialise
 .text.vListInitialiseItem
                0x000000000800d174       0x1a ./Middlewares/Third_Party/FreeRTOS/Source/list.o
                0x000000000800d174                vListInitialiseItem
 .text.vListInsertEnd
                0x000000000800d18e       0x48 ./Middlewares/Third_Party/FreeRTOS/Source/list.o
                0x000000000800d18e                vListInsertEnd
 .text.vListInsert
                0x000000000800d1d6       0x72 ./Middlewares/Third_Party/FreeRTOS/Source/list.o
                0x000000000800d1d6                vListInsert
 .text.uxListRemove
                0x000000000800d248       0x54 ./Middlewares/Third_Party/FreeRTOS/Source/list.o
                0x000000000800d248                uxListRemove
 .text.xQueueGenericReset
                0x000000000800d29c       0xd0 ./Middlewares/Third_Party/FreeRTOS/Source/queue.o
                0x000000000800d29c                xQueueGenericReset
 .text.xQueueGenericCreateStatic
                0x000000000800d36c       0xf0 ./Middlewares/Third_Party/FreeRTOS/Source/queue.o
                0x000000000800d36c                xQueueGenericCreateStatic
 .text.prvInitialiseNewQueue
                0x000000000800d45c       0x46 ./Middlewares/Third_Party/FreeRTOS/Source/queue.o
 *fill*         0x000000000800d4a2        0x2 
 .text.xQueueGenericSend
                0x000000000800d4a4      0x1fc ./Middlewares/Third_Party/FreeRTOS/Source/queue.o
                0x000000000800d4a4                xQueueGenericSend
 .text.xQueueGenericSendFromISR
                0x000000000800d6a0      0x136 ./Middlewares/Third_Party/FreeRTOS/Source/queue.o
                0x000000000800d6a0                xQueueGenericSendFromISR
 *fill*         0x000000000800d7d6        0x2 
 .text.xQueueReceive
                0x000000000800d7d8      0x1c0 ./Middlewares/Third_Party/FreeRTOS/Source/queue.o
                0x000000000800d7d8                xQueueReceive
 .text.prvCopyDataToQueue
                0x000000000800d998       0xd4 ./Middlewares/Third_Party/FreeRTOS/Source/queue.o
 .text.prvCopyDataFromQueue
                0x000000000800da6c       0x4c ./Middlewares/Third_Party/FreeRTOS/Source/queue.o
 .text.prvUnlockQueue
                0x000000000800dab8       0xa4 ./Middlewares/Third_Party/FreeRTOS/Source/queue.o
 .text.prvIsQueueEmpty
                0x000000000800db5c       0x2c ./Middlewares/Third_Party/FreeRTOS/Source/queue.o
 .text.prvIsQueueFull
                0x000000000800db88       0x30 ./Middlewares/Third_Party/FreeRTOS/Source/queue.o
 .text.vQueueAddToRegistry
                0x000000000800dbb8       0x54 ./Middlewares/Third_Party/FreeRTOS/Source/queue.o
                0x000000000800dbb8                vQueueAddToRegistry
 .text.vQueueWaitForMessageRestricted
                0x000000000800dc0c       0x68 ./Middlewares/Third_Party/FreeRTOS/Source/queue.o
                0x000000000800dc0c                vQueueWaitForMessageRestricted
 .text.xTaskCreateStatic
                0x000000000800dc74       0xba ./Middlewares/Third_Party/FreeRTOS/Source/tasks.o
                0x000000000800dc74                xTaskCreateStatic
 .text.xTaskCreate
                0x000000000800dd2e       0x8a ./Middlewares/Third_Party/FreeRTOS/Source/tasks.o
                0x000000000800dd2e                xTaskCreate
 .text.prvInitialiseNewTask
                0x000000000800ddb8      0x11e ./Middlewares/Third_Party/FreeRTOS/Source/tasks.o
 *fill*         0x000000000800ded6        0x2 
 .text.prvAddNewTaskToReadyList
                0x000000000800ded8       0xe0 ./Middlewares/Third_Party/FreeRTOS/Source/tasks.o
 .text.vTaskDelay
                0x000000000800dfb8       0x68 ./Middlewares/Third_Party/FreeRTOS/Source/tasks.o
                0x000000000800dfb8                vTaskDelay
 .text.vTaskStartScheduler
                0x000000000800e020       0xcc ./Middlewares/Third_Party/FreeRTOS/Source/tasks.o
                0x000000000800e020                vTaskStartScheduler
 .text.vTaskSuspendAll
                0x000000000800e0ec       0x1c ./Middlewares/Third_Party/FreeRTOS/Source/tasks.o
                0x000000000800e0ec                vTaskSuspendAll
 .text.xTaskResumeAll
                0x000000000800e108      0x13c ./Middlewares/Third_Party/FreeRTOS/Source/tasks.o
                0x000000000800e108                xTaskResumeAll
 .text.xTaskGetTickCount
                0x000000000800e244       0x20 ./Middlewares/Third_Party/FreeRTOS/Source/tasks.o
                0x000000000800e244                xTaskGetTickCount
 .text.xTaskIncrementTick
                0x000000000800e264      0x174 ./Middlewares/Third_Party/FreeRTOS/Source/tasks.o
                0x000000000800e264                xTaskIncrementTick
 .text.vTaskSwitchContext
                0x000000000800e3d8       0xbc ./Middlewares/Third_Party/FreeRTOS/Source/tasks.o
                0x000000000800e3d8                vTaskSwitchContext
 .text.vTaskPlaceOnEventList
                0x000000000800e494       0x48 ./Middlewares/Third_Party/FreeRTOS/Source/tasks.o
                0x000000000800e494                vTaskPlaceOnEventList
 .text.vTaskPlaceOnEventListRestricted
                0x000000000800e4dc       0x58 ./Middlewares/Third_Party/FreeRTOS/Source/tasks.o
                0x000000000800e4dc                vTaskPlaceOnEventListRestricted
 .text.xTaskRemoveFromEventList
                0x000000000800e534       0xc8 ./Middlewares/Third_Party/FreeRTOS/Source/tasks.o
                0x000000000800e534                xTaskRemoveFromEventList
 .text.vTaskInternalSetTimeOutState
                0x000000000800e5fc       0x2c ./Middlewares/Third_Party/FreeRTOS/Source/tasks.o
                0x000000000800e5fc                vTaskInternalSetTimeOutState
 .text.xTaskCheckForTimeOut
                0x000000000800e628       0xc4 ./Middlewares/Third_Party/FreeRTOS/Source/tasks.o
                0x000000000800e628                xTaskCheckForTimeOut
 .text.vTaskMissedYield
                0x000000000800e6ec       0x18 ./Middlewares/Third_Party/FreeRTOS/Source/tasks.o
                0x000000000800e6ec                vTaskMissedYield
 .text.prvIdleTask
                0x000000000800e704       0x30 ./Middlewares/Third_Party/FreeRTOS/Source/tasks.o
 .text.prvInitialiseTaskLists
                0x000000000800e734       0x80 ./Middlewares/Third_Party/FreeRTOS/Source/tasks.o
 .text.prvCheckTasksWaitingTermination
                0x000000000800e7b4       0x5c ./Middlewares/Third_Party/FreeRTOS/Source/tasks.o
 .text.prvDeleteTCB
                0x000000000800e810       0x5e ./Middlewares/Third_Party/FreeRTOS/Source/tasks.o
 *fill*         0x000000000800e86e        0x2 
 .text.prvResetNextTaskUnblockTime
                0x000000000800e870       0x40 ./Middlewares/Third_Party/FreeRTOS/Source/tasks.o
 .text.xTaskGetSchedulerState
                0x000000000800e8b0       0x3c ./Middlewares/Third_Party/FreeRTOS/Source/tasks.o
                0x000000000800e8b0                xTaskGetSchedulerState
 .text.xTaskPriorityDisinherit
                0x000000000800e8ec       0xdc ./Middlewares/Third_Party/FreeRTOS/Source/tasks.o
                0x000000000800e8ec                xTaskPriorityDisinherit
 .text.prvAddCurrentTaskToDelayedList
                0x000000000800e9c8       0xa8 ./Middlewares/Third_Party/FreeRTOS/Source/tasks.o
 .text.xTimerCreateTimerTask
                0x000000000800ea70       0x90 ./Middlewares/Third_Party/FreeRTOS/Source/timers.o
                0x000000000800ea70                xTimerCreateTimerTask
 .text.xTimerGenericCommand
                0x000000000800eb00       0x9c ./Middlewares/Third_Party/FreeRTOS/Source/timers.o
                0x000000000800eb00                xTimerGenericCommand
 .text.prvProcessExpiredTimer
                0x000000000800eb9c       0x98 ./Middlewares/Third_Party/FreeRTOS/Source/timers.o
 .text.prvTimerTask
                0x000000000800ec34       0x24 ./Middlewares/Third_Party/FreeRTOS/Source/timers.o
 .text.prvProcessTimerOrBlockTask
                0x000000000800ec58       0x9c ./Middlewares/Third_Party/FreeRTOS/Source/timers.o
 .text.prvGetNextExpireTime
                0x000000000800ecf4       0x48 ./Middlewares/Third_Party/FreeRTOS/Source/timers.o
 .text.prvSampleTimeNow
                0x000000000800ed3c       0x40 ./Middlewares/Third_Party/FreeRTOS/Source/timers.o
 .text.prvInsertTimerInActiveList
                0x000000000800ed7c       0x84 ./Middlewares/Third_Party/FreeRTOS/Source/timers.o
 .text.prvProcessReceivedCommands
                0x000000000800ee00      0x1c4 ./Middlewares/Third_Party/FreeRTOS/Source/timers.o
 .text.prvSwitchTimerLists
                0x000000000800efc4       0xc8 ./Middlewares/Third_Party/FreeRTOS/Source/timers.o
 .text.prvCheckForValidListAndQueue
                0x000000000800f08c       0x80 ./Middlewares/Third_Party/FreeRTOS/Source/timers.o
 .text.pxPortInitialiseStack
                0x000000000800f10c       0x68 ./Middlewares/Third_Party/FreeRTOS/Source/portable/GCC/ARM_CM4F/port.o
                0x000000000800f10c                pxPortInitialiseStack
 .text.prvTaskExitError
                0x000000000800f174       0x58 ./Middlewares/Third_Party/FreeRTOS/Source/portable/GCC/ARM_CM4F/port.o
 *fill*         0x000000000800f1cc        0x4 
 .text.SVC_Handler
                0x000000000800f1d0       0x28 ./Middlewares/Third_Party/FreeRTOS/Source/portable/GCC/ARM_CM4F/port.o
                0x000000000800f1d0                SVC_Handler
 .text.prvPortStartFirstTask
                0x000000000800f1f8       0x28 ./Middlewares/Third_Party/FreeRTOS/Source/portable/GCC/ARM_CM4F/port.o
 .text.xPortStartScheduler
                0x000000000800f220      0x144 ./Middlewares/Third_Party/FreeRTOS/Source/portable/GCC/ARM_CM4F/port.o
                0x000000000800f220                xPortStartScheduler
 .text.vPortEnterCritical
                0x000000000800f364       0x60 ./Middlewares/Third_Party/FreeRTOS/Source/portable/GCC/ARM_CM4F/port.o
                0x000000000800f364                vPortEnterCritical
 .text.vPortExitCritical
                0x000000000800f3c4       0x54 ./Middlewares/Third_Party/FreeRTOS/Source/portable/GCC/ARM_CM4F/port.o
                0x000000000800f3c4                vPortExitCritical
 *fill*         0x000000000800f418        0x8 
 .text.PendSV_Handler
                0x000000000800f420       0x68 ./Middlewares/Third_Party/FreeRTOS/Source/portable/GCC/ARM_CM4F/port.o
                0x000000000800f420                PendSV_Handler
 .text.xPortSysTickHandler
                0x000000000800f488       0x44 ./Middlewares/Third_Party/FreeRTOS/Source/portable/GCC/ARM_CM4F/port.o
                0x000000000800f488                xPortSysTickHandler
 .text.vPortSetupTimerInterrupt
                0x000000000800f4cc       0x48 ./Middlewares/Third_Party/FreeRTOS/Source/portable/GCC/ARM_CM4F/port.o
                0x000000000800f4cc                vPortSetupTimerInterrupt
 .text.vPortEnableVFP
                0x000000000800f514       0x14 ./Middlewares/Third_Party/FreeRTOS/Source/portable/GCC/ARM_CM4F/port.o
 .text.vPortValidateInterruptPriority
                0x000000000800f528       0x80 ./Middlewares/Third_Party/FreeRTOS/Source/portable/GCC/ARM_CM4F/port.o
                0x000000000800f528                vPortValidateInterruptPriority
 .text.pvPortMalloc
                0x000000000800f5a8      0x198 ./Middlewares/Third_Party/FreeRTOS/Source/portable/MemMang/heap_4.o
                0x000000000800f5a8                pvPortMalloc
 .text.vPortFree
                0x000000000800f740       0xc4 ./Middlewares/Third_Party/FreeRTOS/Source/portable/MemMang/heap_4.o
                0x000000000800f740                vPortFree
 .text.prvHeapInit
                0x000000000800f804       0xc4 ./Middlewares/Third_Party/FreeRTOS/Source/portable/MemMang/heap_4.o
 .text.prvInsertBlockIntoFreeList
                0x000000000800f8c8       0xb4 ./Middlewares/Third_Party/FreeRTOS/Source/portable/MemMang/heap_4.o
 .text.memset   0x000000000800f97c       0x10 C:/ST/STM32CubeIDE_1.14.1/STM32CubeIDE/plugins/com.st.stm32cube.ide.mcu.externaltools.gnu-tools-for-stm32.11.3.rel1.win32_1.1.100.202309141235/tools/bin/../lib/gcc/arm-none-eabi/11.3.1/../../../../arm-none-eabi/lib/thumb/v7e-m+fp/hard\libc_nano.a(libc_a-memset.o)
                0x000000000800f97c                memset
 .text.__libc_init_array
                0x000000000800f98c       0x48 C:/ST/STM32CubeIDE_1.14.1/STM32CubeIDE/plugins/com.st.stm32cube.ide.mcu.externaltools.gnu-tools-for-stm32.11.3.rel1.win32_1.1.100.202309141235/tools/bin/../lib/gcc/arm-none-eabi/11.3.1/../../../../arm-none-eabi/lib/thumb/v7e-m+fp/hard\libc_nano.a(libc_a-init.o)
                0x000000000800f98c                __libc_init_array
 .text.memcpy   0x000000000800f9d4       0x1c C:/ST/STM32CubeIDE_1.14.1/STM32CubeIDE/plugins/com.st.stm32cube.ide.mcu.externaltools.gnu-tools-for-stm32.11.3.rel1.win32_1.1.100.202309141235/tools/bin/../lib/gcc/arm-none-eabi/11.3.1/../../../../arm-none-eabi/lib/thumb/v7e-m+fp/hard\libc_nano.a(libc_a-memcpy-stub.o)
                0x000000000800f9d4                memcpy
 *(.glue_7)
 .glue_7        0x000000000800f9f0        0x0 linker stubs
 *(.glue_7t)
 .glue_7t       0x000000000800f9f0        0x0 linker stubs
 *(.eh_frame)
 .eh_frame      0x000000000800f9f0        0x0 C:/ST/STM32CubeIDE_1.14.1/STM32CubeIDE/plugins/com.st.stm32cube.ide.mcu.externaltools.gnu-tools-for-stm32.11.3.rel1.win32_1.1.100.202309141235/tools/bin/../lib/gcc/arm-none-eabi/11.3.1/thumb/v7e-m+fp/hard/crtbegin.o
 *(.init)
 .init          0x000000000800f9f0        0x4 C:/ST/STM32CubeIDE_1.14.1/STM32CubeIDE/plugins/com.st.stm32cube.ide.mcu.externaltools.gnu-tools-for-stm32.11.3.rel1.win32_1.1.100.202309141235/tools/bin/../lib/gcc/arm-none-eabi/11.3.1/thumb/v7e-m+fp/hard/crti.o
                0x000000000800f9f0                _init
 .init          0x000000000800f9f4        0x8 C:/ST/STM32CubeIDE_1.14.1/STM32CubeIDE/plugins/com.st.stm32cube.ide.mcu.externaltools.gnu-tools-for-stm32.11.3.rel1.win32_1.1.100.202309141235/tools/bin/../lib/gcc/arm-none-eabi/11.3.1/thumb/v7e-m+fp/hard/crtn.o
 *(.fini)
 .fini          0x000000000800f9fc        0x4 C:/ST/STM32CubeIDE_1.14.1/STM32CubeIDE/plugins/com.st.stm32cube.ide.mcu.externaltools.gnu-tools-for-stm32.11.3.rel1.win32_1.1.100.202309141235/tools/bin/../lib/gcc/arm-none-eabi/11.3.1/thumb/v7e-m+fp/hard/crti.o
                0x000000000800f9fc                _fini
 .fini          0x000000000800fa00        0x8 C:/ST/STM32CubeIDE_1.14.1/STM32CubeIDE/plugins/com.st.stm32cube.ide.mcu.externaltools.gnu-tools-for-stm32.11.3.rel1.win32_1.1.100.202309141235/tools/bin/../lib/gcc/arm-none-eabi/11.3.1/thumb/v7e-m+fp/hard/crtn.o
                0x000000000800fa08                . = ALIGN (0x4)
                0x000000000800fa08                _etext = .

.vfp11_veneer   0x000000000800fa08        0x0
 .vfp11_veneer  0x000000000800fa08        0x0 linker stubs

.v4_bx          0x000000000800fa08        0x0
 .v4_bx         0x000000000800fa08        0x0 linker stubs

.iplt           0x000000000800fa08        0x0
 .iplt          0x000000000800fa08        0x0 C:/ST/STM32CubeIDE_1.14.1/STM32CubeIDE/plugins/com.st.stm32cube.ide.mcu.externaltools.gnu-tools-for-stm32.11.3.rel1.win32_1.1.100.202309141235/tools/bin/../lib/gcc/arm-none-eabi/11.3.1/thumb/v7e-m+fp/hard/crtbegin.o

.rodata         0x000000000800fa08      0x138
                0x000000000800fa08                . = ALIGN (0x4)
 *(.rodata)
 .rodata        0x000000000800fa08       0x2f ./Core/Src/freertos.o
 *fill*         0x000000000800fa37        0x1 
 .rodata        0x000000000800fa38        0x5 ./Middlewares/Third_Party/FreeRTOS/Source/tasks.o
 *fill*         0x000000000800fa3d        0x3 
 .rodata        0x000000000800fa40        0xd ./Middlewares/Third_Party/FreeRTOS/Source/timers.o
 *(.rodata*)
 *fill*         0x000000000800fa4d        0x3 
 .rodata.TASK_1_attributes
                0x000000000800fa50       0x24 ./Core/Src/freertos.o
                0x000000000800fa50                TASK_1_attributes
 .rodata.TASK_2_attributes
                0x000000000800fa74       0x24 ./Core/Src/freertos.o
                0x000000000800fa74                TASK_2_attributes
 .rodata.TASK_3_attributes
                0x000000000800fa98       0x24 ./Core/Src/freertos.o
                0x000000000800fa98                TASK_3_attributes
 .rodata.TASK_4_attributes
                0x000000000800fabc       0x24 ./Core/Src/freertos.o
                0x000000000800fabc                TASK_4_attributes
 .rodata.TASK_5_attributes
                0x000000000800fae0       0x24 ./Core/Src/freertos.o
                0x000000000800fae0                TASK_5_attributes
 .rodata.TASK_6_attributes
                0x000000000800fb04       0x24 ./Core/Src/freertos.o
                0x000000000800fb04                TASK_6_attributes
 .rodata.AHBPrescTable
                0x000000000800fb28       0x10 ./Core/Src/system_stm32f4xx.o
                0x000000000800fb28                AHBPrescTable
 .rodata.APBPrescTable
                0x000000000800fb38        0x8 ./Core/Src/system_stm32f4xx.o
                0x000000000800fb38                APBPrescTable
                0x000000000800fb40                . = ALIGN (0x4)

.ARM.extab      0x000000000800fb40        0x0
                0x000000000800fb40                . = ALIGN (0x4)
 *(.ARM.extab* .gnu.linkonce.armextab.*)
                0x000000000800fb40                . = ALIGN (0x4)

.ARM            0x000000000800fb40        0x8
                0x000000000800fb40                . = ALIGN (0x4)
                0x000000000800fb40                __exidx_start = .
 *(.ARM.exidx*)
 .ARM.exidx     0x000000000800fb40        0x8 C:/ST/STM32CubeIDE_1.14.1/STM32CubeIDE/plugins/com.st.stm32cube.ide.mcu.externaltools.gnu-tools-for-stm32.11.3.rel1.win32_1.1.100.202309141235/tools/bin/../lib/gcc/arm-none-eabi/11.3.1/thumb/v7e-m+fp/hard\libgcc.a(_udivmoddi4.o)
                0x000000000800fb48                __exidx_end = .
                0x000000000800fb48                . = ALIGN (0x4)

.rel.dyn        0x000000000800fb48        0x0
 .rel.iplt      0x000000000800fb48        0x0 C:/ST/STM32CubeIDE_1.14.1/STM32CubeIDE/plugins/com.st.stm32cube.ide.mcu.externaltools.gnu-tools-for-stm32.11.3.rel1.win32_1.1.100.202309141235/tools/bin/../lib/gcc/arm-none-eabi/11.3.1/thumb/v7e-m+fp/hard/crtbegin.o

.preinit_array  0x000000000800fb48        0x0
                0x000000000800fb48                . = ALIGN (0x4)
                0x000000000800fb48                PROVIDE (__preinit_array_start = .)
 *(.preinit_array*)
                0x000000000800fb48                PROVIDE (__preinit_array_end = .)
                0x000000000800fb48                . = ALIGN (0x4)

.init_array     0x000000000800fb48        0x4
                0x000000000800fb48                . = ALIGN (0x4)
                0x000000000800fb48                PROVIDE (__init_array_start = .)
 *(SORT_BY_NAME(.init_array.*))
 *(.init_array*)
 .init_array    0x000000000800fb48        0x4 C:/ST/STM32CubeIDE_1.14.1/STM32CubeIDE/plugins/com.st.stm32cube.ide.mcu.externaltools.gnu-tools-for-stm32.11.3.rel1.win32_1.1.100.202309141235/tools/bin/../lib/gcc/arm-none-eabi/11.3.1/thumb/v7e-m+fp/hard/crtbegin.o
                0x000000000800fb4c                PROVIDE (__init_array_end = .)
                0x000000000800fb4c                . = ALIGN (0x4)

.fini_array     0x000000000800fb4c        0x4
                0x000000000800fb4c                . = ALIGN (0x4)
                [!provide]                        PROVIDE (__fini_array_start = .)
 *(SORT_BY_NAME(.fini_array.*))
 *(.fini_array*)
 .fini_array    0x000000000800fb4c        0x4 C:/ST/STM32CubeIDE_1.14.1/STM32CubeIDE/plugins/com.st.stm32cube.ide.mcu.externaltools.gnu-tools-for-stm32.11.3.rel1.win32_1.1.100.202309141235/tools/bin/../lib/gcc/arm-none-eabi/11.3.1/thumb/v7e-m+fp/hard/crtbegin.o
                [!provide]                        PROVIDE (__fini_array_end = .)
                0x000000000800fb50                . = ALIGN (0x4)
                0x000000000800fb50                _sidata = LOADADDR (.data)

.data           0x0000000020000000       0x10 load address 0x000000000800fb50
                0x0000000020000000                . = ALIGN (0x4)
                0x0000000020000000                _sdata = .
 *(.data)
 *(.data*)
 .data.SystemCoreClock
                0x0000000020000000        0x4 ./Core/Src/system_stm32f4xx.o
                0x0000000020000000                SystemCoreClock
 .data.uwTickPrio
                0x0000000020000004        0x4 ./Drivers/STM32F4xx_HAL_Driver/Src/stm32f4xx_hal.o
                0x0000000020000004                uwTickPrio
 .data.uwTickFreq
                0x0000000020000008        0x1 ./Drivers/STM32F4xx_HAL_Driver/Src/stm32f4xx_hal.o
                0x0000000020000008                uwTickFreq
 *fill*         0x0000000020000009        0x3 
 .data.uxCriticalNesting
                0x000000002000000c        0x4 ./Middlewares/Third_Party/FreeRTOS/Source/portable/GCC/ARM_CM4F/port.o
 *(.RamFunc)
 *(.RamFunc*)
                0x0000000020000010                . = ALIGN (0x4)
                0x0000000020000010                _edata = .

.igot.plt       0x0000000020000010        0x0 load address 0x000000000800fb60
 .igot.plt      0x0000000020000010        0x0 C:/ST/STM32CubeIDE_1.14.1/STM32CubeIDE/plugins/com.st.stm32cube.ide.mcu.externaltools.gnu-tools-for-stm32.11.3.rel1.win32_1.1.100.202309141235/tools/bin/../lib/gcc/arm-none-eabi/11.3.1/thumb/v7e-m+fp/hard/crtbegin.o
                0x0000000020000010                . = ALIGN (0x4)

.bss            0x0000000020000010     0x4bd8 load address 0x000000000800fb60
                0x0000000020000010                _sbss = .
                0x0000000020000010                __bss_start__ = _sbss
 *(.bss)
 .bss           0x0000000020000010       0x1c C:/ST/STM32CubeIDE_1.14.1/STM32CubeIDE/plugins/com.st.stm32cube.ide.mcu.externaltools.gnu-tools-for-stm32.11.3.rel1.win32_1.1.100.202309141235/tools/bin/../lib/gcc/arm-none-eabi/11.3.1/thumb/v7e-m+fp/hard/crtbegin.o
 *(.bss*)
 .bss.hadc1     0x000000002000002c       0x48 ./Core/Src/adc.o
                0x000000002000002c                hadc1
 .bss.Current_Distance
                0x0000000020000074        0x2 ./Core/Src/freertos.o
                0x0000000020000074                Current_Distance
 .bss.Bluetooth_Value
                0x0000000020000076        0x1 ./Core/Src/freertos.o
                0x0000000020000076                Bluetooth_Value
 .bss.ACC_Flag  0x0000000020000077        0x1 ./Core/Src/freertos.o
                0x0000000020000077                ACC_Flag
 .bss.Bootloader_Flag
                0x0000000020000078        0x1 ./Core/Src/freertos.o
                0x0000000020000078                Bootloader_Flag
 .bss.AEB_Flag  0x0000000020000079        0x1 ./Core/Src/freertos.o
                0x0000000020000079                AEB_Flag
 .bss.LKS_Flag  0x000000002000007a        0x1 ./Core/Src/freertos.o
                0x000000002000007a                LKS_Flag
 .bss.Left_IR   0x000000002000007b        0x1 ./Core/Src/freertos.o
                0x000000002000007b                Left_IR
 .bss.Right_IR  0x000000002000007c        0x1 ./Core/Src/freertos.o
                0x000000002000007c                Right_IR
 *fill*         0x000000002000007d        0x3 
 .bss.TASK_1Handle
                0x0000000020000080        0x4 ./Core/Src/freertos.o
                0x0000000020000080                TASK_1Handle
 .bss.TASK_2Handle
                0x0000000020000084        0x4 ./Core/Src/freertos.o
                0x0000000020000084                TASK_2Handle
 .bss.TASK_3Handle
                0x0000000020000088        0x4 ./Core/Src/freertos.o
                0x0000000020000088                TASK_3Handle
 .bss.TASK_4Handle
                0x000000002000008c        0x4 ./Core/Src/freertos.o
                0x000000002000008c                TASK_4Handle
 .bss.TASK_5Handle
                0x0000000020000090        0x4 ./Core/Src/freertos.o
                0x0000000020000090                TASK_5Handle
 .bss.TASK_6Handle
                0x0000000020000094        0x4 ./Core/Src/freertos.o
                0x0000000020000094                TASK_6Handle
 .bss.speed.0   0x0000000020000098        0x1 ./Core/Src/freertos.o
 *fill*         0x0000000020000099        0x3 
 .bss.htim2     0x000000002000009c       0x48 ./Core/Src/stm32f4xx_hal_timebase_tim.o
                0x000000002000009c                htim2
 .bss.htim1     0x00000000200000e4       0x48 ./Core/Src/tim.o
                0x00000000200000e4                htim1
 .bss.htim3     0x000000002000012c       0x48 ./Core/Src/tim.o
                0x000000002000012c                htim3
 .bss.htim4     0x0000000020000174       0x48 ./Core/Src/tim.o
                0x0000000020000174                htim4
 .bss.huart1    0x00000000200001bc       0x48 ./Core/Src/usart.o
                0x00000000200001bc                huart1
 .bss.huart2    0x0000000020000204       0x48 ./Core/Src/usart.o
                0x0000000020000204                huart2
 .bss.huart6    0x000000002000024c       0x48 ./Core/Src/usart.o
                0x000000002000024c                huart6
 .bss.uwTick    0x0000000020000294        0x4 ./Drivers/STM32F4xx_HAL_Driver/Src/stm32f4xx_hal.o
                0x0000000020000294                uwTick
 .bss.KernelState
                0x0000000020000298        0x4 ./Middlewares/Third_Party/FreeRTOS/Source/CMSIS_RTOS_V2/cmsis_os2.o
 .bss.Idle_TCB.3
                0x000000002000029c       0x5c ./Middlewares/Third_Party/FreeRTOS/Source/CMSIS_RTOS_V2/cmsis_os2.o
 .bss.Idle_Stack.2
                0x00000000200002f8      0x200 ./Middlewares/Third_Party/FreeRTOS/Source/CMSIS_RTOS_V2/cmsis_os2.o
 .bss.Timer_TCB.1
                0x00000000200004f8       0x5c ./Middlewares/Third_Party/FreeRTOS/Source/CMSIS_RTOS_V2/cmsis_os2.o
 .bss.Timer_Stack.0
                0x0000000020000554      0x400 ./Middlewares/Third_Party/FreeRTOS/Source/CMSIS_RTOS_V2/cmsis_os2.o
 .bss.xQueueRegistry
                0x0000000020000954       0x40 ./Middlewares/Third_Party/FreeRTOS/Source/queue.o
                0x0000000020000954                xQueueRegistry
 .bss.pxCurrentTCB
                0x0000000020000994        0x4 ./Middlewares/Third_Party/FreeRTOS/Source/tasks.o
                0x0000000020000994                pxCurrentTCB
 .bss.pxReadyTasksLists
                0x0000000020000998      0x460 ./Middlewares/Third_Party/FreeRTOS/Source/tasks.o
 .bss.xDelayedTaskList1
                0x0000000020000df8       0x14 ./Middlewares/Third_Party/FreeRTOS/Source/tasks.o
 .bss.xDelayedTaskList2
                0x0000000020000e0c       0x14 ./Middlewares/Third_Party/FreeRTOS/Source/tasks.o
 .bss.pxDelayedTaskList
                0x0000000020000e20        0x4 ./Middlewares/Third_Party/FreeRTOS/Source/tasks.o
 .bss.pxOverflowDelayedTaskList
                0x0000000020000e24        0x4 ./Middlewares/Third_Party/FreeRTOS/Source/tasks.o
 .bss.xPendingReadyList
                0x0000000020000e28       0x14 ./Middlewares/Third_Party/FreeRTOS/Source/tasks.o
 .bss.xTasksWaitingTermination
                0x0000000020000e3c       0x14 ./Middlewares/Third_Party/FreeRTOS/Source/tasks.o
 .bss.uxDeletedTasksWaitingCleanUp
                0x0000000020000e50        0x4 ./Middlewares/Third_Party/FreeRTOS/Source/tasks.o
 .bss.xSuspendedTaskList
                0x0000000020000e54       0x14 ./Middlewares/Third_Party/FreeRTOS/Source/tasks.o
 .bss.uxCurrentNumberOfTasks
                0x0000000020000e68        0x4 ./Middlewares/Third_Party/FreeRTOS/Source/tasks.o
 .bss.xTickCount
                0x0000000020000e6c        0x4 ./Middlewares/Third_Party/FreeRTOS/Source/tasks.o
 .bss.uxTopReadyPriority
                0x0000000020000e70        0x4 ./Middlewares/Third_Party/FreeRTOS/Source/tasks.o
 .bss.xSchedulerRunning
                0x0000000020000e74        0x4 ./Middlewares/Third_Party/FreeRTOS/Source/tasks.o
 .bss.xPendedTicks
                0x0000000020000e78        0x4 ./Middlewares/Third_Party/FreeRTOS/Source/tasks.o
 .bss.xYieldPending
                0x0000000020000e7c        0x4 ./Middlewares/Third_Party/FreeRTOS/Source/tasks.o
 .bss.xNumOfOverflows
                0x0000000020000e80        0x4 ./Middlewares/Third_Party/FreeRTOS/Source/tasks.o
 .bss.uxTaskNumber
                0x0000000020000e84        0x4 ./Middlewares/Third_Party/FreeRTOS/Source/tasks.o
 .bss.xNextTaskUnblockTime
                0x0000000020000e88        0x4 ./Middlewares/Third_Party/FreeRTOS/Source/tasks.o
 .bss.xIdleTaskHandle
                0x0000000020000e8c        0x4 ./Middlewares/Third_Party/FreeRTOS/Source/tasks.o
 .bss.uxSchedulerSuspended
                0x0000000020000e90        0x4 ./Middlewares/Third_Party/FreeRTOS/Source/tasks.o
 .bss.xActiveTimerList1
                0x0000000020000e94       0x14 ./Middlewares/Third_Party/FreeRTOS/Source/timers.o
 .bss.xActiveTimerList2
                0x0000000020000ea8       0x14 ./Middlewares/Third_Party/FreeRTOS/Source/timers.o
 .bss.pxCurrentTimerList
                0x0000000020000ebc        0x4 ./Middlewares/Third_Party/FreeRTOS/Source/timers.o
 .bss.pxOverflowTimerList
                0x0000000020000ec0        0x4 ./Middlewares/Third_Party/FreeRTOS/Source/timers.o
 .bss.xTimerQueue
                0x0000000020000ec4        0x4 ./Middlewares/Third_Party/FreeRTOS/Source/timers.o
 .bss.xTimerTaskHandle
                0x0000000020000ec8        0x4 ./Middlewares/Third_Party/FreeRTOS/Source/timers.o
 .bss.xLastTime.2
                0x0000000020000ecc        0x4 ./Middlewares/Third_Party/FreeRTOS/Source/timers.o
 .bss.ucStaticTimerQueueStorage.1
                0x0000000020000ed0       0xa0 ./Middlewares/Third_Party/FreeRTOS/Source/timers.o
 .bss.xStaticTimerQueue.0
                0x0000000020000f70       0x50 ./Middlewares/Third_Party/FreeRTOS/Source/timers.o
 .bss.ucMaxSysCallPriority
                0x0000000020000fc0        0x1 ./Middlewares/Third_Party/FreeRTOS/Source/portable/GCC/ARM_CM4F/port.o
 *fill*         0x0000000020000fc1        0x3 
 .bss.ulMaxPRIGROUPValue
                0x0000000020000fc4        0x4 ./Middlewares/Third_Party/FreeRTOS/Source/portable/GCC/ARM_CM4F/port.o
 .bss.ucHeap    0x0000000020000fc8     0x3c00 ./Middlewares/Third_Party/FreeRTOS/Source/portable/MemMang/heap_4.o
 .bss.xStart    0x0000000020004bc8        0x8 ./Middlewares/Third_Party/FreeRTOS/Source/portable/MemMang/heap_4.o
 .bss.pxEnd     0x0000000020004bd0        0x4 ./Middlewares/Third_Party/FreeRTOS/Source/portable/MemMang/heap_4.o
 .bss.xFreeBytesRemaining
                0x0000000020004bd4        0x4 ./Middlewares/Third_Party/FreeRTOS/Source/portable/MemMang/heap_4.o
 .bss.xMinimumEverFreeBytesRemaining
                0x0000000020004bd8        0x4 ./Middlewares/Third_Party/FreeRTOS/Source/portable/MemMang/heap_4.o
 .bss.xNumberOfSuccessfulAllocations
                0x0000000020004bdc        0x4 ./Middlewares/Third_Party/FreeRTOS/Source/portable/MemMang/heap_4.o
 .bss.xNumberOfSuccessfulFrees
                0x0000000020004be0        0x4 ./Middlewares/Third_Party/FreeRTOS/Source/portable/MemMang/heap_4.o
 .bss.xBlockAllocatedBit
                0x0000000020004be4        0x4 ./Middlewares/Third_Party/FreeRTOS/Source/portable/MemMang/heap_4.o
 *(COMMON)
                0x0000000020004be8                . = ALIGN (0x4)
                0x0000000020004be8                _ebss = .
                0x0000000020004be8                __bss_end__ = _ebss

._user_heap_stack
                0x0000000020004be8      0x600 load address 0x000000000800fb60
                0x0000000020004be8                . = ALIGN (0x8)
                [!provide]                        PROVIDE (end = .)
                0x0000000020004be8                PROVIDE (_end = .)
                0x0000000020004de8                . = (. + _Min_Heap_Size)
 *fill*         0x0000000020004be8      0x200 
                0x00000000200051e8                . = (. + _Min_Stack_Size)
 *fill*         0x0000000020004de8      0x400 
                0x00000000200051e8                . = ALIGN (0x8)

/DISCARD/
 libc.a(*)
 libm.a(*)
 libgcc.a(*)

.ARM.attributes
                0x0000000000000000       0x30
 *(.ARM.attributes)
 .ARM.attributes
                0x0000000000000000       0x1e C:/ST/STM32CubeIDE_1.14.1/STM32CubeIDE/plugins/com.st.stm32cube.ide.mcu.externaltools.gnu-tools-for-stm32.11.3.rel1.win32_1.1.100.202309141235/tools/bin/../lib/gcc/arm-none-eabi/11.3.1/thumb/v7e-m+fp/hard/crti.o
 .ARM.attributes
                0x000000000000001e       0x34 C:/ST/STM32CubeIDE_1.14.1/STM32CubeIDE/plugins/com.st.stm32cube.ide.mcu.externaltools.gnu-tools-for-stm32.11.3.rel1.win32_1.1.100.202309141235/tools/bin/../lib/gcc/arm-none-eabi/11.3.1/thumb/v7e-m+fp/hard/crtbegin.o
 .ARM.attributes
                0x0000000000000052       0x34 ./Core/Src/LDR.o
 .ARM.attributes
                0x0000000000000086       0x34 ./Core/Src/Motor.o
 .ARM.attributes
                0x00000000000000ba       0x34 ./Core/Src/Ultrasonic.o
 .ARM.attributes
                0x00000000000000ee       0x34 ./Core/Src/adc.o
 .ARM.attributes
                0x0000000000000122       0x34 ./Core/Src/freertos.o
 .ARM.attributes
                0x0000000000000156       0x34 ./Core/Src/gpio.o
 .ARM.attributes
                0x000000000000018a       0x34 ./Core/Src/main.o
 .ARM.attributes
                0x00000000000001be       0x34 ./Core/Src/stm32f4xx_hal_msp.o
 .ARM.attributes
                0x00000000000001f2       0x34 ./Core/Src/stm32f4xx_hal_timebase_tim.o
 .ARM.attributes
                0x0000000000000226       0x34 ./Core/Src/stm32f4xx_it.o
 .ARM.attributes
                0x000000000000025a       0x34 ./Core/Src/system_stm32f4xx.o
 .ARM.attributes
                0x000000000000028e       0x34 ./Core/Src/tim.o
 .ARM.attributes
                0x00000000000002c2       0x34 ./Core/Src/usart.o
 .ARM.attributes
                0x00000000000002f6       0x21 ./Core/Startup/startup_stm32f401ccux.o
 .ARM.attributes
                0x0000000000000317       0x34 ./Drivers/STM32F4xx_HAL_Driver/Src/stm32f4xx_hal.o
 .ARM.attributes
                0x000000000000034b       0x34 ./Drivers/STM32F4xx_HAL_Driver/Src/stm32f4xx_hal_adc.o
 .ARM.attributes
                0x000000000000037f       0x34 ./Drivers/STM32F4xx_HAL_Driver/Src/stm32f4xx_hal_cortex.o
 .ARM.attributes
                0x00000000000003b3       0x34 ./Drivers/STM32F4xx_HAL_Driver/Src/stm32f4xx_hal_gpio.o
 .ARM.attributes
                0x00000000000003e7       0x34 ./Drivers/STM32F4xx_HAL_Driver/Src/stm32f4xx_hal_rcc.o
 .ARM.attributes
                0x000000000000041b       0x34 ./Drivers/STM32F4xx_HAL_Driver/Src/stm32f4xx_hal_tim.o
 .ARM.attributes
                0x000000000000044f       0x34 ./Drivers/STM32F4xx_HAL_Driver/Src/stm32f4xx_hal_tim_ex.o
 .ARM.attributes
                0x0000000000000483       0x34 ./Drivers/STM32F4xx_HAL_Driver/Src/stm32f4xx_hal_uart.o
 .ARM.attributes
                0x00000000000004b7       0x34 ./Middlewares/Third_Party/FreeRTOS/Source/CMSIS_RTOS_V2/cmsis_os2.o
 .ARM.attributes
                0x00000000000004eb       0x34 ./Middlewares/Third_Party/FreeRTOS/Source/list.o
 .ARM.attributes
                0x000000000000051f       0x34 ./Middlewares/Third_Party/FreeRTOS/Source/queue.o
 .ARM.attributes
                0x0000000000000553       0x34 ./Middlewares/Third_Party/FreeRTOS/Source/tasks.o
 .ARM.attributes
                0x0000000000000587       0x34 ./Middlewares/Third_Party/FreeRTOS/Source/timers.o
 .ARM.attributes
                0x00000000000005bb       0x34 ./Middlewares/Third_Party/FreeRTOS/Source/portable/GCC/ARM_CM4F/port.o
 .ARM.attributes
                0x00000000000005ef       0x34 ./Middlewares/Third_Party/FreeRTOS/Source/portable/MemMang/heap_4.o
 .ARM.attributes
                0x0000000000000623       0x34 C:/ST/STM32CubeIDE_1.14.1/STM32CubeIDE/plugins/com.st.stm32cube.ide.mcu.externaltools.gnu-tools-for-stm32.11.3.rel1.win32_1.1.100.202309141235/tools/bin/../lib/gcc/arm-none-eabi/11.3.1/../../../../arm-none-eabi/lib/thumb/v7e-m+fp/hard\libc_nano.a(libc_a-memset.o)
 .ARM.attributes
                0x0000000000000657       0x34 C:/ST/STM32CubeIDE_1.14.1/STM32CubeIDE/plugins/com.st.stm32cube.ide.mcu.externaltools.gnu-tools-for-stm32.11.3.rel1.win32_1.1.100.202309141235/tools/bin/../lib/gcc/arm-none-eabi/11.3.1/../../../../arm-none-eabi/lib/thumb/v7e-m+fp/hard\libc_nano.a(libc_a-init.o)
 .ARM.attributes
                0x000000000000068b       0x34 C:/ST/STM32CubeIDE_1.14.1/STM32CubeIDE/plugins/com.st.stm32cube.ide.mcu.externaltools.gnu-tools-for-stm32.11.3.rel1.win32_1.1.100.202309141235/tools/bin/../lib/gcc/arm-none-eabi/11.3.1/../../../../arm-none-eabi/lib/thumb/v7e-m+fp/hard\libc_nano.a(libc_a-memcpy-stub.o)
 .ARM.attributes
                0x00000000000006bf       0x1e C:/ST/STM32CubeIDE_1.14.1/STM32CubeIDE/plugins/com.st.stm32cube.ide.mcu.externaltools.gnu-tools-for-stm32.11.3.rel1.win32_1.1.100.202309141235/tools/bin/../lib/gcc/arm-none-eabi/11.3.1/thumb/v7e-m+fp/hard\libgcc.a(_arm_addsubdf3.o)
 .ARM.attributes
                0x00000000000006dd       0x1e C:/ST/STM32CubeIDE_1.14.1/STM32CubeIDE/plugins/com.st.stm32cube.ide.mcu.externaltools.gnu-tools-for-stm32.11.3.rel1.win32_1.1.100.202309141235/tools/bin/../lib/gcc/arm-none-eabi/11.3.1/thumb/v7e-m+fp/hard\libgcc.a(_arm_muldivdf3.o)
 .ARM.attributes
                0x00000000000006fb       0x1e C:/ST/STM32CubeIDE_1.14.1/STM32CubeIDE/plugins/com.st.stm32cube.ide.mcu.externaltools.gnu-tools-for-stm32.11.3.rel1.win32_1.1.100.202309141235/tools/bin/../lib/gcc/arm-none-eabi/11.3.1/thumb/v7e-m+fp/hard\libgcc.a(_arm_fixunsdfsi.o)
 .ARM.attributes
                0x0000000000000719       0x1e C:/ST/STM32CubeIDE_1.14.1/STM32CubeIDE/plugins/com.st.stm32cube.ide.mcu.externaltools.gnu-tools-for-stm32.11.3.rel1.win32_1.1.100.202309141235/tools/bin/../lib/gcc/arm-none-eabi/11.3.1/thumb/v7e-m+fp/hard\libgcc.a(_aeabi_uldivmod.o)
 .ARM.attributes
                0x0000000000000737       0x34 C:/ST/STM32CubeIDE_1.14.1/STM32CubeIDE/plugins/com.st.stm32cube.ide.mcu.externaltools.gnu-tools-for-stm32.11.3.rel1.win32_1.1.100.202309141235/tools/bin/../lib/gcc/arm-none-eabi/11.3.1/thumb/v7e-m+fp/hard\libgcc.a(_udivmoddi4.o)
 .ARM.attributes
                0x000000000000076b       0x1e C:/ST/STM32CubeIDE_1.14.1/STM32CubeIDE/plugins/com.st.stm32cube.ide.mcu.externaltools.gnu-tools-for-stm32.11.3.rel1.win32_1.1.100.202309141235/tools/bin/../lib/gcc/arm-none-eabi/11.3.1/thumb/v7e-m+fp/hard\libgcc.a(_dvmd_tls.o)
 .ARM.attributes
                0x0000000000000789       0x1e C:/ST/STM32CubeIDE_1.14.1/STM32CubeIDE/plugins/com.st.stm32cube.ide.mcu.externaltools.gnu-tools-for-stm32.11.3.rel1.win32_1.1.100.202309141235/tools/bin/../lib/gcc/arm-none-eabi/11.3.1/thumb/v7e-m+fp/hard/crtn.o
OUTPUT(Application.elf elf32-littlearm)
LOAD linker stubs
LOAD C:/ST/STM32CubeIDE_1.14.1/STM32CubeIDE/plugins/com.st.stm32cube.ide.mcu.externaltools.gnu-tools-for-stm32.11.3.rel1.win32_1.1.100.202309141235/tools/bin/../lib/gcc/arm-none-eabi/11.3.1/../../../../arm-none-eabi/lib/thumb/v7e-m+fp/hard\libc.a
LOAD C:/ST/STM32CubeIDE_1.14.1/STM32CubeIDE/plugins/com.st.stm32cube.ide.mcu.externaltools.gnu-tools-for-stm32.11.3.rel1.win32_1.1.100.202309141235/tools/bin/../lib/gcc/arm-none-eabi/11.3.1/../../../../arm-none-eabi/lib/thumb/v7e-m+fp/hard\libm.a
LOAD C:/ST/STM32CubeIDE_1.14.1/STM32CubeIDE/plugins/com.st.stm32cube.ide.mcu.externaltools.gnu-tools-for-stm32.11.3.rel1.win32_1.1.100.202309141235/tools/bin/../lib/gcc/arm-none-eabi/11.3.1/thumb/v7e-m+fp/hard\libgcc.a

.comment        0x0000000000000000       0x43
 .comment       0x0000000000000000       0x43 C:/ST/STM32CubeIDE_1.14.1/STM32CubeIDE/plugins/com.st.stm32cube.ide.mcu.externaltools.gnu-tools-for-stm32.11.3.rel1.win32_1.1.100.202309141235/tools/bin/../lib/gcc/arm-none-eabi/11.3.1/thumb/v7e-m+fp/hard/crtbegin.o
                                         0x44 (size before relaxing)
 .comment       0x0000000000000043       0x44 ./Core/Src/LDR.o
 .comment       0x0000000000000043       0x44 ./Core/Src/Motor.o
 .comment       0x0000000000000043       0x44 ./Core/Src/Ultrasonic.o
 .comment       0x0000000000000043       0x44 ./Core/Src/adc.o
 .comment       0x0000000000000043       0x44 ./Core/Src/freertos.o
 .comment       0x0000000000000043       0x44 ./Core/Src/gpio.o
 .comment       0x0000000000000043       0x44 ./Core/Src/main.o
 .comment       0x0000000000000043       0x44 ./Core/Src/stm32f4xx_hal_msp.o
 .comment       0x0000000000000043       0x44 ./Core/Src/stm32f4xx_hal_timebase_tim.o
 .comment       0x0000000000000043       0x44 ./Core/Src/stm32f4xx_it.o
 .comment       0x0000000000000043       0x44 ./Core/Src/system_stm32f4xx.o
 .comment       0x0000000000000043       0x44 ./Core/Src/tim.o
 .comment       0x0000000000000043       0x44 ./Core/Src/usart.o
 .comment       0x0000000000000043       0x44 ./Drivers/STM32F4xx_HAL_Driver/Src/stm32f4xx_hal.o
 .comment       0x0000000000000043       0x44 ./Drivers/STM32F4xx_HAL_Driver/Src/stm32f4xx_hal_adc.o
 .comment       0x0000000000000043       0x44 ./Drivers/STM32F4xx_HAL_Driver/Src/stm32f4xx_hal_cortex.o
 .comment       0x0000000000000043       0x44 ./Drivers/STM32F4xx_HAL_Driver/Src/stm32f4xx_hal_gpio.o
 .comment       0x0000000000000043       0x44 ./Drivers/STM32F4xx_HAL_Driver/Src/stm32f4xx_hal_rcc.o
 .comment       0x0000000000000043       0x44 ./Drivers/STM32F4xx_HAL_Driver/Src/stm32f4xx_hal_tim.o
 .comment       0x0000000000000043       0x44 ./Drivers/STM32F4xx_HAL_Driver/Src/stm32f4xx_hal_tim_ex.o
 .comment       0x0000000000000043       0x44 ./Drivers/STM32F4xx_HAL_Driver/Src/stm32f4xx_hal_uart.o
 .comment       0x0000000000000043       0x44 ./Middlewares/Third_Party/FreeRTOS/Source/CMSIS_RTOS_V2/cmsis_os2.o
 .comment       0x0000000000000043       0x44 ./Middlewares/Third_Party/FreeRTOS/Source/list.o
 .comment       0x0000000000000043       0x44 ./Middlewares/Third_Party/FreeRTOS/Source/queue.o
 .comment       0x0000000000000043       0x44 ./Middlewares/Third_Party/FreeRTOS/Source/tasks.o
 .comment       0x0000000000000043       0x44 ./Middlewares/Third_Party/FreeRTOS/Source/timers.o
 .comment       0x0000000000000043       0x44 ./Middlewares/Third_Party/FreeRTOS/Source/portable/GCC/ARM_CM4F/port.o
 .comment       0x0000000000000043       0x44 ./Middlewares/Third_Party/FreeRTOS/Source/portable/MemMang/heap_4.o

.debug_info     0x0000000000000000    0x1aba9
 .debug_info    0x0000000000000000      0x632 ./Core/Src/LDR.o
 .debug_info    0x0000000000000632      0x809 ./Core/Src/Motor.o
 .debug_info    0x0000000000000e3b      0x68c ./Core/Src/Ultrasonic.o
 .debug_info    0x00000000000014c7      0x9c6 ./Core/Src/adc.o
 .debug_info    0x0000000000001e8d     0x1002 ./Core/Src/freertos.o
 .debug_info    0x0000000000002e8f      0x3fb ./Core/Src/gpio.o
 .debug_info    0x000000000000328a      0xe2e ./Core/Src/main.o
 .debug_info    0x00000000000040b8      0x449 ./Core/Src/stm32f4xx_hal_msp.o
 .debug_info    0x0000000000004501      0xb7d ./Core/Src/stm32f4xx_hal_timebase_tim.o
 .debug_info    0x000000000000507e      0x6a4 ./Core/Src/stm32f4xx_it.o
 .debug_info    0x0000000000005722      0x53e ./Core/Src/system_stm32f4xx.o
 .debug_info    0x0000000000005c60      0xd03 ./Core/Src/tim.o
 .debug_info    0x0000000000006963      0xa04 ./Core/Src/usart.o
 .debug_info    0x0000000000007367       0x23 ./Core/Startup/startup_stm32f401ccux.o
 .debug_info    0x000000000000738a      0x8bb ./Drivers/STM32F4xx_HAL_Driver/Src/stm32f4xx_hal.o
 .debug_info    0x0000000000007c45      0xcd1 ./Drivers/STM32F4xx_HAL_Driver/Src/stm32f4xx_hal_adc.o
 .debug_info    0x0000000000008916      0xcc1 ./Drivers/STM32F4xx_HAL_Driver/Src/stm32f4xx_hal_cortex.o
 .debug_info    0x00000000000095d7      0x6f9 ./Drivers/STM32F4xx_HAL_Driver/Src/stm32f4xx_hal_gpio.o
 .debug_info    0x0000000000009cd0      0x8f3 ./Drivers/STM32F4xx_HAL_Driver/Src/stm32f4xx_hal_rcc.o
 .debug_info    0x000000000000a5c3     0x2996 ./Drivers/STM32F4xx_HAL_Driver/Src/stm32f4xx_hal_tim.o
 .debug_info    0x000000000000cf59     0x14d4 ./Drivers/STM32F4xx_HAL_Driver/Src/stm32f4xx_hal_tim_ex.o
 .debug_info    0x000000000000e42d     0x2f56 ./Drivers/STM32F4xx_HAL_Driver/Src/stm32f4xx_hal_uart.o
 .debug_info    0x0000000000011383     0x39d7 ./Middlewares/Third_Party/FreeRTOS/Source/CMSIS_RTOS_V2/cmsis_os2.o
 .debug_info    0x0000000000014d5a      0x2af ./Middlewares/Third_Party/FreeRTOS/Source/list.o
 .debug_info    0x0000000000015009     0x1b79 ./Middlewares/Third_Party/FreeRTOS/Source/queue.o
 .debug_info    0x0000000000016b82     0x21ec ./Middlewares/Third_Party/FreeRTOS/Source/tasks.o
 .debug_info    0x0000000000018d6e     0x1488 ./Middlewares/Third_Party/FreeRTOS/Source/timers.o
 .debug_info    0x000000000001a1f6      0x4de ./Middlewares/Third_Party/FreeRTOS/Source/portable/GCC/ARM_CM4F/port.o
 .debug_info    0x000000000001a6d4      0x4d5 ./Middlewares/Third_Party/FreeRTOS/Source/portable/MemMang/heap_4.o

.debug_abbrev   0x0000000000000000     0x4075
 .debug_abbrev  0x0000000000000000      0x132 ./Core/Src/LDR.o
 .debug_abbrev  0x0000000000000132      0x1ba ./Core/Src/Motor.o
 .debug_abbrev  0x00000000000002ec      0x197 ./Core/Src/Ultrasonic.o
 .debug_abbrev  0x0000000000000483      0x1f2 ./Core/Src/adc.o
 .debug_abbrev  0x0000000000000675      0x2b2 ./Core/Src/freertos.o
 .debug_abbrev  0x0000000000000927      0x151 ./Core/Src/gpio.o
 .debug_abbrev  0x0000000000000a78      0x26e ./Core/Src/main.o
 .debug_abbrev  0x0000000000000ce6      0x119 ./Core/Src/stm32f4xx_hal_msp.o
 .debug_abbrev  0x0000000000000dff      0x207 ./Core/Src/stm32f4xx_hal_timebase_tim.o
 .debug_abbrev  0x0000000000001006      0x190 ./Core/Src/stm32f4xx_it.o
 .debug_abbrev  0x0000000000001196      0x11a ./Core/Src/system_stm32f4xx.o
 .debug_abbrev  0x00000000000012b0      0x254 ./Core/Src/tim.o
 .debug_abbrev  0x0000000000001504      0x1fe ./Core/Src/usart.o
 .debug_abbrev  0x0000000000001702       0x12 ./Core/Startup/startup_stm32f401ccux.o
 .debug_abbrev  0x0000000000001714      0x24b ./Drivers/STM32F4xx_HAL_Driver/Src/stm32f4xx_hal.o
 .debug_abbrev  0x000000000000195f      0x20e ./Drivers/STM32F4xx_HAL_Driver/Src/stm32f4xx_hal_adc.o
 .debug_abbrev  0x0000000000001b6d      0x328 ./Drivers/STM32F4xx_HAL_Driver/Src/stm32f4xx_hal_cortex.o
 .debug_abbrev  0x0000000000001e95      0x1d3 ./Drivers/STM32F4xx_HAL_Driver/Src/stm32f4xx_hal_gpio.o
 .debug_abbrev  0x0000000000002068      0x2b5 ./Drivers/STM32F4xx_HAL_Driver/Src/stm32f4xx_hal_rcc.o
 .debug_abbrev  0x000000000000231d      0x28b ./Drivers/STM32F4xx_HAL_Driver/Src/stm32f4xx_hal_tim.o
 .debug_abbrev  0x00000000000025a8      0x296 ./Drivers/STM32F4xx_HAL_Driver/Src/stm32f4xx_hal_tim_ex.o
 .debug_abbrev  0x000000000000283e      0x31b ./Drivers/STM32F4xx_HAL_Driver/Src/stm32f4xx_hal_uart.o
 .debug_abbrev  0x0000000000002b59      0x520 ./Middlewares/Third_Party/FreeRTOS/Source/CMSIS_RTOS_V2/cmsis_os2.o
 .debug_abbrev  0x0000000000003079       0xf5 ./Middlewares/Third_Party/FreeRTOS/Source/list.o
 .debug_abbrev  0x000000000000316e      0x3b6 ./Middlewares/Third_Party/FreeRTOS/Source/queue.o
 .debug_abbrev  0x0000000000003524      0x386 ./Middlewares/Third_Party/FreeRTOS/Source/tasks.o
 .debug_abbrev  0x00000000000038aa      0x352 ./Middlewares/Third_Party/FreeRTOS/Source/timers.o
 .debug_abbrev  0x0000000000003bfc      0x25c ./Middlewares/Third_Party/FreeRTOS/Source/portable/GCC/ARM_CM4F/port.o
 .debug_abbrev  0x0000000000003e58      0x21d ./Middlewares/Third_Party/FreeRTOS/Source/portable/MemMang/heap_4.o

.debug_aranges  0x0000000000000000     0x1610
 .debug_aranges
                0x0000000000000000       0x20 ./Core/Src/LDR.o
 .debug_aranges
                0x0000000000000020       0x50 ./Core/Src/Motor.o
 .debug_aranges
                0x0000000000000070       0x20 ./Core/Src/Ultrasonic.o
 .debug_aranges
                0x0000000000000090       0x30 ./Core/Src/adc.o
 .debug_aranges
                0x00000000000000c0       0x50 ./Core/Src/freertos.o
 .debug_aranges
                0x0000000000000110       0x20 ./Core/Src/gpio.o
 .debug_aranges
                0x0000000000000130       0x38 ./Core/Src/main.o
 .debug_aranges
                0x0000000000000168       0x20 ./Core/Src/stm32f4xx_hal_msp.o
 .debug_aranges
                0x0000000000000188       0x30 ./Core/Src/stm32f4xx_hal_timebase_tim.o
 .debug_aranges
                0x00000000000001b8       0x50 ./Core/Src/stm32f4xx_it.o
 .debug_aranges
                0x0000000000000208       0x28 ./Core/Src/system_stm32f4xx.o
 .debug_aranges
                0x0000000000000230       0x48 ./Core/Src/tim.o
 .debug_aranges
                0x0000000000000278       0x40 ./Core/Src/usart.o
 .debug_aranges
                0x00000000000002b8       0x28 ./Core/Startup/startup_stm32f401ccux.o
 .debug_aranges
                0x00000000000002e0       0xf0 ./Drivers/STM32F4xx_HAL_Driver/Src/stm32f4xx_hal.o
 .debug_aranges
                0x00000000000003d0       0xe8 ./Drivers/STM32F4xx_HAL_Driver/Src/stm32f4xx_hal_adc.o
 .debug_aranges
                0x00000000000004b8      0x120 ./Drivers/STM32F4xx_HAL_Driver/Src/stm32f4xx_hal_cortex.o
 .debug_aranges
                0x00000000000005d8       0x58 ./Drivers/STM32F4xx_HAL_Driver/Src/stm32f4xx_hal_gpio.o
 .debug_aranges
                0x0000000000000630       0x88 ./Drivers/STM32F4xx_HAL_Driver/Src/stm32f4xx_hal_rcc.o
 .debug_aranges
                0x00000000000006b8      0x3d0 ./Drivers/STM32F4xx_HAL_Driver/Src/stm32f4xx_hal_tim.o
 .debug_aranges
                0x0000000000000a88      0x168 ./Drivers/STM32F4xx_HAL_Driver/Src/stm32f4xx_hal_tim_ex.o
 .debug_aranges
                0x0000000000000bf0      0x208 ./Drivers/STM32F4xx_HAL_Driver/Src/stm32f4xx_hal_uart.o
 .debug_aranges
                0x0000000000000df8      0x2b0 ./Middlewares/Third_Party/FreeRTOS/Source/CMSIS_RTOS_V2/cmsis_os2.o
 .debug_aranges
                0x00000000000010a8       0x40 ./Middlewares/Third_Party/FreeRTOS/Source/list.o
 .debug_aranges
                0x00000000000010e8      0x158 ./Middlewares/Third_Party/FreeRTOS/Source/queue.o
 .debug_aranges
                0x0000000000001240      0x208 ./Middlewares/Third_Party/FreeRTOS/Source/tasks.o
 .debug_aranges
                0x0000000000001448       0xf0 ./Middlewares/Third_Party/FreeRTOS/Source/timers.o
 .debug_aranges
                0x0000000000001538       0x80 ./Middlewares/Third_Party/FreeRTOS/Source/portable/GCC/ARM_CM4F/port.o
 .debug_aranges
                0x00000000000015b8       0x58 ./Middlewares/Third_Party/FreeRTOS/Source/portable/MemMang/heap_4.o

.debug_rnglists
                0x0000000000000000     0x1109
 .debug_rnglists
                0x0000000000000000       0x13 ./Core/Src/LDR.o
 .debug_rnglists
                0x0000000000000013       0x37 ./Core/Src/Motor.o
 .debug_rnglists
                0x000000000000004a       0x14 ./Core/Src/Ultrasonic.o
 .debug_rnglists
                0x000000000000005e       0x21 ./Core/Src/adc.o
 .debug_rnglists
                0x000000000000007f       0x3c ./Core/Src/freertos.o
 .debug_rnglists
                0x00000000000000bb       0x14 ./Core/Src/gpio.o
 .debug_rnglists
                0x00000000000000cf       0x26 ./Core/Src/main.o
 .debug_rnglists
                0x00000000000000f5       0x13 ./Core/Src/stm32f4xx_hal_msp.o
 .debug_rnglists
                0x0000000000000108       0x20 ./Core/Src/stm32f4xx_hal_timebase_tim.o
 .debug_rnglists
                0x0000000000000128       0x37 ./Core/Src/stm32f4xx_it.o
 .debug_rnglists
                0x000000000000015f       0x1a ./Core/Src/system_stm32f4xx.o
 .debug_rnglists
                0x0000000000000179       0x36 ./Core/Src/tim.o
 .debug_rnglists
                0x00000000000001af       0x2d ./Core/Src/usart.o
 .debug_rnglists
                0x00000000000001dc       0x19 ./Core/Startup/startup_stm32f401ccux.o
 .debug_rnglists
                0x00000000000001f5       0xaf ./Drivers/STM32F4xx_HAL_Driver/Src/stm32f4xx_hal.o
 .debug_rnglists
                0x00000000000002a4       0xb5 ./Drivers/STM32F4xx_HAL_Driver/Src/stm32f4xx_hal_adc.o
 .debug_rnglists
                0x0000000000000359       0xd4 ./Drivers/STM32F4xx_HAL_Driver/Src/stm32f4xx_hal_cortex.o
 .debug_rnglists
                0x000000000000042d       0x3f ./Drivers/STM32F4xx_HAL_Driver/Src/stm32f4xx_hal_gpio.o
 .debug_rnglists
                0x000000000000046c       0x66 ./Drivers/STM32F4xx_HAL_Driver/Src/stm32f4xx_hal_rcc.o
 .debug_rnglists
                0x00000000000004d2      0x31a ./Drivers/STM32F4xx_HAL_Driver/Src/stm32f4xx_hal_tim.o
 .debug_rnglists
                0x00000000000007ec      0x125 ./Drivers/STM32F4xx_HAL_Driver/Src/stm32f4xx_hal_tim_ex.o
 .debug_rnglists
                0x0000000000000911      0x1bc ./Drivers/STM32F4xx_HAL_Driver/Src/stm32f4xx_hal_uart.o
 .debug_rnglists
                0x0000000000000acd      0x212 ./Middlewares/Third_Party/FreeRTOS/Source/CMSIS_RTOS_V2/cmsis_os2.o
 .debug_rnglists
                0x0000000000000cdf       0x2b ./Middlewares/Third_Party/FreeRTOS/Source/list.o
 .debug_rnglists
                0x0000000000000d0a      0x109 ./Middlewares/Third_Party/FreeRTOS/Source/queue.o
 .debug_rnglists
                0x0000000000000e13      0x1a0 ./Middlewares/Third_Party/FreeRTOS/Source/tasks.o
 .debug_rnglists
                0x0000000000000fb3       0xb7 ./Middlewares/Third_Party/FreeRTOS/Source/timers.o
 .debug_rnglists
                0x000000000000106a       0x5d ./Middlewares/Third_Party/FreeRTOS/Source/portable/GCC/ARM_CM4F/port.o
 .debug_rnglists
                0x00000000000010c7       0x42 ./Middlewares/Third_Party/FreeRTOS/Source/portable/MemMang/heap_4.o

.debug_macro    0x0000000000000000     0x4df2
 .debug_macro   0x0000000000000000      0x227 ./Core/Src/LDR.o
 .debug_macro   0x0000000000000227      0x223 ./Core/Src/Motor.o
 .debug_macro   0x000000000000044a      0x231 ./Core/Src/Ultrasonic.o
 .debug_macro   0x000000000000067b      0x20f ./Core/Src/adc.o
 .debug_macro   0x000000000000088a      0x2e3 ./Core/Src/freertos.o
 .debug_macro   0x0000000000000b6d      0x169 ./Core/Src/freertos.o
 .debug_macro   0x0000000000000cd6      0x15a ./Core/Src/freertos.o
 .debug_macro   0x0000000000000e30       0xc9 ./Core/Src/freertos.o
 .debug_macro   0x0000000000000ef9       0x1c ./Core/Src/freertos.o
 .debug_macro   0x0000000000000f15       0x26 ./Core/Src/freertos.o
 .debug_macro   0x0000000000000f3b      0x4c5 ./Core/Src/freertos.o
 .debug_macro   0x0000000000001400       0xb5 ./Core/Src/freertos.o
 .debug_macro   0x00000000000014b5       0xaa ./Core/Src/freertos.o
 .debug_macro   0x000000000000155f       0x6c ./Core/Src/freertos.o
 .debug_macro   0x00000000000015cb       0x74 ./Core/Src/freertos.o
 .debug_macro   0x000000000000163f       0xdd ./Core/Src/freertos.o
 .debug_macro   0x000000000000171c      0x20f ./Core/Src/gpio.o
 .debug_macro   0x000000000000192b      0x2cb ./Core/Src/main.o
 .debug_macro   0x0000000000001bf6      0x169 ./Core/Src/main.o
 .debug_macro   0x0000000000001d5f       0x66 ./Core/Src/main.o
 .debug_macro   0x0000000000001dc5      0x205 ./Core/Src/stm32f4xx_hal_msp.o
 .debug_macro   0x0000000000001fca      0x1f6 ./Core/Src/stm32f4xx_hal_timebase_tim.o
 .debug_macro   0x00000000000021c0      0x20f ./Core/Src/stm32f4xx_it.o
 .debug_macro   0x00000000000023cf      0x1f6 ./Core/Src/system_stm32f4xx.o
 .debug_macro   0x00000000000025c5      0x20f ./Core/Src/tim.o
 .debug_macro   0x00000000000027d4      0x20f ./Core/Src/usart.o
 .debug_macro   0x00000000000029e3      0x256 ./Drivers/STM32F4xx_HAL_Driver/Src/stm32f4xx_hal.o
 .debug_macro   0x0000000000002c39      0x1f7 ./Drivers/STM32F4xx_HAL_Driver/Src/stm32f4xx_hal_adc.o
 .debug_macro   0x0000000000002e30      0x1f6 ./Drivers/STM32F4xx_HAL_Driver/Src/stm32f4xx_hal_cortex.o
 .debug_macro   0x0000000000003026      0x1fc ./Drivers/STM32F4xx_HAL_Driver/Src/stm32f4xx_hal_gpio.o
 .debug_macro   0x0000000000003222      0x21a ./Drivers/STM32F4xx_HAL_Driver/Src/stm32f4xx_hal_rcc.o
 .debug_macro   0x000000000000343c      0x1f7 ./Drivers/STM32F4xx_HAL_Driver/Src/stm32f4xx_hal_tim.o
 .debug_macro   0x0000000000003633      0x1f6 ./Drivers/STM32F4xx_HAL_Driver/Src/stm32f4xx_hal_tim_ex.o
 .debug_macro   0x0000000000003829      0x1f7 ./Drivers/STM32F4xx_HAL_Driver/Src/stm32f4xx_hal_uart.o
 .debug_macro   0x0000000000003a20      0x3ed ./Middlewares/Third_Party/FreeRTOS/Source/CMSIS_RTOS_V2/cmsis_os2.o
 .debug_macro   0x0000000000003e0d       0x10 ./Middlewares/Third_Party/FreeRTOS/Source/CMSIS_RTOS_V2/cmsis_os2.o
 .debug_macro   0x0000000000003e1d       0x20 ./Middlewares/Third_Party/FreeRTOS/Source/CMSIS_RTOS_V2/cmsis_os2.o
 .debug_macro   0x0000000000003e3d       0x10 ./Middlewares/Third_Party/FreeRTOS/Source/CMSIS_RTOS_V2/cmsis_os2.o
 .debug_macro   0x0000000000003e4d       0xf5 ./Middlewares/Third_Party/FreeRTOS/Source/CMSIS_RTOS_V2/cmsis_os2.o
 .debug_macro   0x0000000000003f42       0x91 ./Middlewares/Third_Party/FreeRTOS/Source/CMSIS_RTOS_V2/cmsis_os2.o
 .debug_macro   0x0000000000003fd3       0x8d ./Middlewares/Third_Party/FreeRTOS/Source/CMSIS_RTOS_V2/cmsis_os2.o
 .debug_macro   0x0000000000004060       0x9a ./Middlewares/Third_Party/FreeRTOS/Source/CMSIS_RTOS_V2/cmsis_os2.o
 .debug_macro   0x00000000000040fa       0x22 ./Middlewares/Third_Party/FreeRTOS/Source/CMSIS_RTOS_V2/cmsis_os2.o
 .debug_macro   0x000000000000411c       0x56 ./Middlewares/Third_Party/FreeRTOS/Source/CMSIS_RTOS_V2/cmsis_os2.o
 .debug_macro   0x0000000000004172      0x187 ./Middlewares/Third_Party/FreeRTOS/Source/list.o
 .debug_macro   0x00000000000042f9      0x216 ./Middlewares/Third_Party/FreeRTOS/Source/queue.o
 .debug_macro   0x000000000000450f       0x16 ./Middlewares/Third_Party/FreeRTOS/Source/queue.o
 .debug_macro   0x0000000000004525       0x87 ./Middlewares/Third_Party/FreeRTOS/Source/queue.o
 .debug_macro   0x00000000000045ac      0x27f ./Middlewares/Third_Party/FreeRTOS/Source/tasks.o
 .debug_macro   0x000000000000482b       0x10 ./Middlewares/Third_Party/FreeRTOS/Source/tasks.o
 .debug_macro   0x000000000000483b      0x1dc ./Middlewares/Third_Party/FreeRTOS/Source/timers.o
 .debug_macro   0x0000000000004a17       0x97 ./Middlewares/Third_Party/FreeRTOS/Source/timers.o
 .debug_macro   0x0000000000004aae      0x196 ./Middlewares/Third_Party/FreeRTOS/Source/portable/GCC/ARM_CM4F/port.o
 .debug_macro   0x0000000000004c44      0x1ae ./Middlewares/Third_Party/FreeRTOS/Source/portable/MemMang/heap_4.o

.debug_line     0x0000000000000000    0x1ae71
 .debug_line    0x0000000000000000      0x7ba ./Core/Src/LDR.o
 .debug_line    0x00000000000007ba      0x84f ./Core/Src/Motor.o
 .debug_line    0x0000000000001009      0x803 ./Core/Src/Ultrasonic.o
 .debug_line    0x000000000000180c      0x815 ./Core/Src/adc.o
 .debug_line    0x0000000000002021      0xb9e ./Core/Src/freertos.o
 .debug_line    0x0000000000002bbf      0x7c8 ./Core/Src/gpio.o
 .debug_line    0x0000000000003387      0x9be ./Core/Src/main.o
 .debug_line    0x0000000000003d45      0x798 ./Core/Src/stm32f4xx_hal_msp.o
 .debug_line    0x00000000000044dd      0x811 ./Core/Src/stm32f4xx_hal_timebase_tim.o
 .debug_line    0x0000000000004cee      0x832 ./Core/Src/stm32f4xx_it.o